Component: ARM Compiler 5.05 update 1 (build 106) Tool: armlink [4d0efa]

==============================================================================

Section Cross References

    main.o(i.dest) refers to main.o(i.dist) for dist
    main.o(i.dest) refers to fflt_clz.o(x$fpl$fflt) for __aeabi_i2f
    main.o(i.dest) refers to f2d.o(x$fpl$f2d) for __aeabi_f2d
    main.o(i.dest) refers to abs.o(.text) for abs
    main.o(i.dest) refers to faddsub_clz.o(x$fpl$fadd) for __aeabi_fadd
    main.o(i.dest) refers to fleqf.o(x$fpl$fleqf) for __aeabi_cfcmple
    main.o(i.dest) refers to main.o(.data) for dest_label
    main.o(i.dest) refers to usart.o(.bss) for men_state
    main.o(i.dest) refers to usart.o(.data) for men_num
    main.o(i.eq) refers to main.o(i.equ) for equ
    main.o(i.eq) refers to main.o(.data) for desti
    main.o(i.initR) refers to main.o(i.wait) for wait
    main.o(i.initR) refers to main.o(i.turn_) for turn_
    main.o(i.initR) refers to pwm.o(.data) for right_target
    main.o(i.keepStraight) refers to ffix.o(x$fpl$ffix) for __aeabi_f2iz
    main.o(i.keepStraight) refers to fflt_clz.o(x$fpl$fflt) for __aeabi_i2f
    main.o(i.keepStraight) refers to main.o(i.straight) for straight
    main.o(i.keepStraight) refers to main.o(.data) for going_straight
    main.o(i.keepStraight) refers to mpu6050.o(.data) for Angle
    main.o(i.locate) refers to main.o(.data) for myX
    main.o(i.main) refers to port.o(i.Our_Sys_Init) for Our_Sys_Init
    main.o(i.main) refers to misc.o(i.NVIC_PriorityGroupConfig) for NVIC_PriorityGroupConfig
    main.o(i.main) refers to stm32f10x_gpio.o(i.GPIO_PinRemapConfig) for GPIO_PinRemapConfig
    main.o(i.main) refers to usart.o(i.USART2_init) for USART2_init
    main.o(i.main) refers to usart.o(i.USART2_sendStr) for USART2_sendStr
    main.o(i.main) refers to sensors.o(i.sensors_init) for sensors_init
    main.o(i.main) refers to usart.o(i.USART3_init) for USART3_init
    main.o(i.main) refers to port.o(i.Delay) for Delay
    main.o(i.main) refers to usart.o(i.USART1_init) for USART1_init
    main.o(i.main) refers to usart.o(i.wireless_init) for wireless_init
    main.o(i.main) refers to pwm.o(i.TIM2_Detect_init) for TIM2_Detect_init
    main.o(i.main) refers to pwm.o(i.TIM4_Detect_init) for TIM4_Detect_init
    main.o(i.main) refers to pwm.o(i.TIM3_PWM_Init) for TIM3_PWM_Init
    main.o(i.main) refers to pwm.o(i.TIM6_Config) for TIM6_Config
    main.o(i.main) refers to main.o(i.setAB) for setAB
    main.o(i.main) refers to pwm.o(i.TIM5_Detect_init) for TIM5_Detect_init
    main.o(i.main) refers to main.o(i.wait) for wait
    main.o(i.main) refers to main.o(i.locate) for locate
    main.o(i.main) refers to main.o(i.initR) for initR
    main.o(i.main) refers to ffix.o(x$fpl$ffix) for __aeabi_f2iz
    main.o(i.main) refers to usart.o(i.printn) for printn
    main.o(i.main) refers to main.o(i.putchar) for putchar
    main.o(i.main) refers to main.o(i.equ) for equ
    main.o(i.main) refers to main.o(i.dest) for dest
    main.o(i.main) refers to main.o(i.turnR_w) for turnR_w
    main.o(i.main) refers to main.o(i.turnL_w) for turnL_w
    main.o(i.main) refers to main.o(i.turnR_u) for turnR_u
    main.o(i.main) refers to main.o(i.eq) for eq
    main.o(i.main) refers to main.o(i.turnAround) for turnAround
    main.o(i.main) refers to main.o(i.turn_) for turn_
    main.o(i.main) refers to main.o(i.straight_u) for straight_u
    main.o(i.main) refers to main.o(i.straight_w) for straight_w
    main.o(i.main) refers to main.o(i.turnRs_u) for turnRs_u
    main.o(i.main) refers to main.o(.data) for getman
    main.o(i.main) refers to usart.o(.data) for wifi_ok
    main.o(i.main) refers to mpu6050.o(.data) for Angle
    main.o(i.main) refers to pwm.o(.data) for left_freq
    main.o(i.main) refers to sensors.o(.data) for black4
    main.o(i.main) refers to main.o(i.keepStraight) for keepStraight
    main.o(i.putchar) refers to usart.o(i.USART2_sendStr) for USART2_sendStr
    main.o(i.putchar) refers to main.o(.data) for buf
    main.o(i.setAB) refers to stm32f10x_gpio.o(i.GPIO_ReadInputDataBit) for GPIO_ReadInputDataBit
    main.o(i.setAB) refers to usart.o(.data) for AX
    main.o(i.setAB) refers to main.o(.data) for myX
    main.o(i.straight) refers to faddsub_clz.o(x$fpl$fsub) for __aeabi_fsub
    main.o(i.straight) refers to frleqf.o(x$fpl$frleqf) for __aeabi_cfrcmple
    main.o(i.straight) refers to faddsub_clz.o(x$fpl$fadd) for __aeabi_fadd
    main.o(i.straight) refers to fleqf.o(x$fpl$fleqf) for __aeabi_cfcmple
    main.o(i.straight) refers to mpu6050.o(.data) for Angle
    main.o(i.straight) refers to main.o(.data) for speed
    main.o(i.straight) refers to pwm.o(.data) for right_target
    main.o(i.straight_old) refers to faddsub_clz.o(x$fpl$fsub) for __aeabi_fsub
    main.o(i.straight_old) refers to frleqf.o(x$fpl$frleqf) for __aeabi_cfrcmple
    main.o(i.straight_old) refers to faddsub_clz.o(x$fpl$fadd) for __aeabi_fadd
[...]
    TI1_Config                               0x0800289d   Thumb Code   108  stm32f10x_tim.o(i.TI1_Config)
    i.TI2_Config                             0x0800291c   Section        0  stm32f10x_tim.o(i.TI2_Config)
    TI2_Config                               0x0800291d   Thumb Code   130  stm32f10x_tim.o(i.TI2_Config)
    i.TIM2_Detect_init                       0x080029b4   Section        0  pwm.o(i.TIM2_Detect_init)
    i.TIM2_IRQHandler                        0x08002a84   Section        0  pwm.o(i.TIM2_IRQHandler)
    i.TIM3_IRQHandler                        0x08002afc   Section        0  pwm.o(i.TIM3_IRQHandler)
    i.TIM3_PWM_Init                          0x08002b18   Section        0  pwm.o(i.TIM3_PWM_Init)
    i.TIM4_Detect_init                       0x08002bd0   Section        0  pwm.o(i.TIM4_Detect_init)
    i.TIM4_IRQHandler                        0x08002c9c   Section        0  pwm.o(i.TIM4_IRQHandler)
    i.TIM5_Detect_init                       0x08002d14   Section        0  pwm.o(i.TIM5_Detect_init)
    i.TIM5_IRQHandler                        0x08002de8   Section        0  pwm.o(i.TIM5_IRQHandler)
    i.TIM6_Config                            0x08002e34   Section        0  pwm.o(i.TIM6_Config)
    i.TIM6_IRQHandler                        0x08002ea0   Section        0  pwm.o(i.TIM6_IRQHandler)
    i.TIM7_IRQHandler                        0x08002f70   Section        0  sensors.o(i.TIM7_IRQHandler)
    i.TIM_ClearFlag                          0x08002f8c   Section        0  stm32f10x_tim.o(i.TIM_ClearFlag)
    i.TIM_ClearITPendingBit                  0x08002f92   Section        0  stm32f10x_tim.o(i.TIM_ClearITPendingBit)
    i.TIM_Cmd                                0x08002f98   Section        0  stm32f10x_tim.o(i.TIM_Cmd)
    i.TIM_GetCapture2                        0x08002fb0   Section        0  stm32f10x_tim.o(i.TIM_GetCapture2)
    i.TIM_GetITStatus                        0x08002fb6   Section        0  stm32f10x_tim.o(i.TIM_GetITStatus)
    i.TIM_ITConfig                           0x08002fd8   Section        0  stm32f10x_tim.o(i.TIM_ITConfig)
    i.TIM_OC1Init                            0x08002fec   Section        0  stm32f10x_tim.o(i.TIM_OC1Init)
    i.TIM_OC1PolarityConfig                  0x08003084   Section        0  stm32f10x_tim.o(i.TIM_OC1PolarityConfig)
    i.TIM_OC1PreloadConfig                   0x08003096   Section        0  stm32f10x_tim.o(i.TIM_OC1PreloadConfig)
    i.TIM_OC2Init                            0x080030a8   Section        0  stm32f10x_tim.o(i.TIM_OC2Init)
    i.TIM_OC2PreloadConfig                   0x0800314c   Section        0  stm32f10x_tim.o(i.TIM_OC2PreloadConfig)
    i.TIM_PWMIConfig                         0x08003166   Section        0  stm32f10x_tim.o(i.TIM_PWMIConfig)
    i.TIM_SelectInputTrigger                 0x080031e2   Section        0  stm32f10x_tim.o(i.TIM_SelectInputTrigger)
    i.TIM_SelectMasterSlaveMode              0x080031f4   Section        0  stm32f10x_tim.o(i.TIM_SelectMasterSlaveMode)
    i.TIM_SelectSlaveMode                    0x08003206   Section        0  stm32f10x_tim.o(i.TIM_SelectSlaveMode)
    i.TIM_SetCompare1                        0x08003218   Section        0  stm32f10x_tim.o(i.TIM_SetCompare1)
    i.TIM_SetCompare2                        0x0800321c   Section        0  stm32f10x_tim.o(i.TIM_SetCompare2)
    i.TIM_SetCounter                         0x08003220   Section        0  stm32f10x_tim.o(i.TIM_SetCounter)
    i.TIM_SetIC1Prescaler                    0x08003224   Section        0  stm32f10x_tim.o(i.TIM_SetIC1Prescaler)
    i.TIM_SetIC2Prescaler                    0x08003236   Section        0  stm32f10x_tim.o(i.TIM_SetIC2Prescaler)
    i.TIM_TimeBaseInit                       0x08003250   Section        0  stm32f10x_tim.o(i.TIM_TimeBaseInit)
    i.TimingDelay_Decrement                  0x080032f4   Section        0  port.o(i.TimingDelay_Decrement)
    i.USART1_IRQHandler                      0x0800330c   Section        0  usart.o(i.USART1_IRQHandler)
    i.USART1_init                            0x080033ac   Section        0  usart.o(i.USART1_init)
    i.USART1_sendByte                        0x080034cc   Section        0  usart.o(i.USART1_sendByte)
    i.USART1_sendStr                         0x080034ec   Section        0  usart.o(i.USART1_sendStr)
    i.USART2_init                            0x08003504   Section        0  usart.o(i.USART2_init)
    i.USART2_sendByte                        0x08003588   Section        0  usart.o(i.USART2_sendByte)
    i.USART2_sendStr                         0x080035b0   Section        0  usart.o(i.USART2_sendStr)
    i.USART3_IRQHandler                      0x080035c8   Section        0  usart.o(i.USART3_IRQHandler)
    i.USART3_init                            0x080036e0   Section        0  usart.o(i.USART3_init)
    i.USART_ClearFlag                        0x08003804   Section        0  stm32f10x_usart.o(i.USART_ClearFlag)
    i.USART_ClearITPendingBit                0x08003816   Section        0  stm32f10x_usart.o(i.USART_ClearITPendingBit)
    i.USART_Cmd                              0x08003834   Section        0  stm32f10x_usart.o(i.USART_Cmd)
    i.USART_DMACmd                           0x0800384c   Section        0  stm32f10x_usart.o(i.USART_DMACmd)
    i.USART_DeInit                           0x08003860   Section        0  stm32f10x_usart.o(i.USART_DeInit)
    i.USART_GetFlagStatus                    0x080038fc   Section        0  stm32f10x_usart.o(i.USART_GetFlagStatus)
    i.USART_GetITStatus                      0x08003916   Section        0  stm32f10x_usart.o(i.USART_GetITStatus)
    i.USART_ITConfig                         0x0800396a   Section        0  stm32f10x_usart.o(i.USART_ITConfig)
    i.USART_Init                             0x080039b4   Section        0  stm32f10x_usart.o(i.USART_Init)
    i.USART_ReceiveData                      0x08003a8c   Section        0  stm32f10x_usart.o(i.USART_ReceiveData)
    i.USART_SendData                         0x08003a96   Section        0  stm32f10x_usart.o(i.USART_SendData)
    i.UsageFault_Handler                     0x08003a9e   Section        0  stm32f10x_it.o(i.UsageFault_Handler)
    i.__NVIC_ClearPendingIRQ                 0x08003aa4   Section        0  i2c_stm32f10x.o(i.__NVIC_ClearPendingIRQ)
    __NVIC_ClearPendingIRQ                   0x08003aa5   Thumb Code    22  i2c_stm32f10x.o(i.__NVIC_ClearPendingIRQ)
    i.__NVIC_ClearPendingIRQ                 0x08003ac0   Section        0  dma_stm32f10x.o(i.__NVIC_ClearPendingIRQ)
    __NVIC_ClearPendingIRQ                   0x08003ac1   Thumb Code    22  dma_stm32f10x.o(i.__NVIC_ClearPendingIRQ)
    i.__NVIC_DisableIRQ                      0x08003adc   Section        0  i2c_stm32f10x.o(i.__NVIC_DisableIRQ)
    __NVIC_DisableIRQ                        0x08003add   Thumb Code    54  i2c_stm32f10x.o(i.__NVIC_DisableIRQ)
    i.__NVIC_DisableIRQ                      0x08003b18   Section        0  dma_stm32f10x.o(i.__NVIC_DisableIRQ)
    __NVIC_DisableIRQ                        0x08003b19   Thumb Code    54  dma_stm32f10x.o(i.__NVIC_DisableIRQ)
    i.__NVIC_EnableIRQ                       0x08003b54   Section        0  i2c_stm32f10x.o(i.__NVIC_EnableIRQ)
    __NVIC_EnableIRQ                         0x08003b55   Thumb Code    26  i2c_stm32f10x.o(i.__NVIC_EnableIRQ)
    i.__NVIC_EnableIRQ                       0x08003b6e   Section        0  dma_stm32f10x.o(i.__NVIC_EnableIRQ)
    __NVIC_EnableIRQ                         0x08003b6f   Thumb Code    26  dma_stm32f10x.o(i.__NVIC_EnableIRQ)
    i.__NVIC_SetPriority                     0x08003b88   Section        0  port.o(i.__NVIC_SetPriority)
    __NVIC_SetPriority                       0x08003b89   Thumb Code    32  port.o(i.__NVIC_SetPriority)
    i.comp                                   0x08003bb0   Section        0  usart.o(i.comp)
    i.dataProcess                            0x08003bcc   Section        0  usart.o(i.dataProcess)
    i.dest                                   0x08003e94   Section        0  main.o(i.dest)
    i.dist                                   0x080040f8   Section        0  main.o(i.dist)
    i.eq                                     0x08004118   Section        0  main.o(i.eq)
    i.equ                                    0x0800412c   Section        0  main.o(i.equ)
    i.initR                                  0x0800414c   Section        0  main.o(i.initR)
    i.itoa                                   0x080041b0   Section        0  usart.o(i.itoa)
    i.keepStraight                           0x08004278   Section        0  main.o(i.keepStraight)
    i.left_Pid                               0x080042b0   Section        0  pwm.o(i.left_Pid)
    i.locate                                 0x080043c0   Section        0  main.o(i.locate)
    i.main                                   0x08004414   Section        0  main.o(i.main)
    i.printn                                 0x08004b20   Section        0  usart.o(i.printn)
    i.putchar                                0x08004b34   Section        0  main.o(i.putchar)
    i.right_Pid                              0x08004b48   Section        0  pwm.o(i.right_Pid)
    i.sensors_init                           0x08004c58   Section        0  sensors.o(i.sensors_init)
    i.setAB                                  0x08004cd0   Section        0  main.o(i.setAB)
    i.setDir                                 0x08004d64   Section        0  pwm.o(i.setDir)
    i.straight                               0x08004de8   Section        0  main.o(i.straight)
    i.straight_u                             0x08004eb0   Section        0  main.o(i.straight_u)
    i.straight_w                             0x08004f2c   Section        0  main.o(i.straight_w)
    i.turnAround                             0x08004fa8   Section        0  main.o(i.turnAround)
    i.turnLR_u                               0x08004ff0   Section        0  main.o(i.turnLR_u)
    i.turnLR_w                               0x08005104   Section        0  main.o(i.turnLR_w)
    i.turnLRs_u                              0x08005208   Section        0  main.o(i.turnLRs_u)
    i.turnL_w                                0x0800531c   Section        0  main.o(i.turnL_w)
    i.turnR_u                                0x0800533c   Section        0  main.o(i.turnR_u)
    i.turnR_w                                0x0800535c   Section        0  main.o(i.turnR_w)
    i.turnRs_u                               0x0800537c   Section        0  main.o(i.turnRs_u)
    i.turn_                                  0x0800539c   Section        0  main.o(i.turn_)
    i.wait                                   0x08005420   Section        0  main.o(i.wait)
    i.wireless_init                          0x0800542c   Section        0  usart.o(i.wireless_init)
    x$fpl$dretinf                            0x080054a8   Section       12  dretinf.o(x$fpl$dretinf)
    x$fpl$f2d                                0x080054b4   Section       86  f2d.o(x$fpl$f2d)
    x$fpl$fadd                               0x0800550c   Section      196  faddsub_clz.o(x$fpl$fadd)
    _fadd1                                   0x0800551b   Thumb Code     0  faddsub_clz.o(x$fpl$fadd)
    x$fpl$fcmpinf                            0x080055d0   Section       24  fcmpi.o(x$fpl$fcmpinf)
    x$fpl$ffix                               0x080055e8   Section       54  ffix.o(x$fpl$ffix)
    x$fpl$fflt                               0x08005620   Section       48  fflt_clz.o(x$fpl$fflt)
    x$fpl$fleqf                              0x08005650   Section      104  fleqf.o(x$fpl$fleqf)
    x$fpl$fmul                               0x080056b8   Section      258  fmul.o(x$fpl$fmul)
    x$fpl$fnaninf                            0x080057ba   Section      140  fnaninf.o(x$fpl$fnaninf)
    x$fpl$fretinf                            0x08005846   Section       10  fretinf.o(x$fpl$fretinf)
    x$fpl$frleqf                             0x08005850   Section       98  frleqf.o(x$fpl$frleqf)
    x$fpl$fsub                               0x080058b4   Section      234  faddsub_clz.o(x$fpl$fsub)
    _fsub1                                   0x080058c3   Thumb Code     0  faddsub_clz.o(x$fpl$fsub)
    x$fpl$usenofp                            0x0800599e   Section        0  usenofp.o(x$fpl$usenofp)
    .constdata                               0x080059a0   Section      112  i2c_stm32f10x.o(.constdata)
    DriverVersion                            0x080059a0   Data           4  i2c_stm32f10x.o(.constdata)
    DriverCapabilities                       0x080059a4   Data           4  i2c_stm32f10x.o(.constdata)
    I2C2_RX_DMA                              0x080059a8   Data           8  i2c_stm32f10x.o(.constdata)
    I2C2_TX_DMA                              0x080059b0   Data           8  i2c_stm32f10x.o(.constdata)
    I2C2_Resources                           0x080059b8   Data          40  i2c_stm32f10x.o(.constdata)
    .data                                    0x20000000   Section     1555  main.o(.data)
    dest_label                               0x2000060c   Data           4  main.o(.data)
    buf                                      0x20000610   Data           3  main.o(.data)
    .data                                    0x20000614   Section      112  pwm.o(.data)
    .data                                    0x20000684   Section       74  usart.o(.data)
    .data                                    0x200006d0   Section       18  mpu6050.o(.data)
    DataBuffer                               0x200006e0   Data           2  mpu6050.o(.data)
    .data                                    0x200006e4   Section       18  sensors.o(.data)
    .data                                    0x200006f8   Section        4  port.o(.data)
    uwTimingDelay                            0x200006f8   Data           4  port.o(.data)
    .data                                    0x200006fc   Section       20  stm32f10x_rcc.o(.data)
    APBAHBPrescTable                         0x200006fc   Data          16  stm32f10x_rcc.o(.data)
    ADCPrescTable                            0x2000070c   Data           4  stm32f10x_rcc.o(.data)
    .data                                    0x20000710   Section        2  dma_stm32f10x.o(.data)
    DMA1_Channel                             0x20000710   Data           1  dma_stm32f10x.o(.data)
    DMA2_Channel                             0x20000711   Data           1  dma_stm32f10x.o(.data)
    .data                                    0x20000714   Section       20  system_stm32f10x.o(.data)
    .bss                                     0x20000728   Section      524  usart.o(.bss)
    .bss                                     0x20000934   Section       20  port.o(.bss)
    .bss                                     0x20000948   Section       28  i2c_stm32f10x.o(.bss)
    I2C2_Info                                0x20000948   Data          28  i2c_stm32f10x.o(.bss)
    .bss                                     0x20000964   Section       96  libspace.o(.bss)
    HEAP                                     0x200009c8   Section      512  startup_stm32f10x_hd.o(HEAP)
    Heap_Mem                                 0x200009c8   Data         512  startup_stm32f10x_hd.o(HEAP)
    STACK                                    0x20000bc8   Section     1024  startup_stm32f10x_hd.o(STACK)
    Stack_Mem                                0x20000bc8   Data        1024  startup_stm32f10x_hd.o(STACK)
    __initial_sp                             0x20000fc8   Data           0  startup_stm32f10x_hd.o(STACK)

    Global Symbols

    Symbol Name                              Value     Ov Type        Size  Object(Section)

    BuildAttributes$$THM_ISAv4$P$D$K$B$S$PE$A:L22UL41UL21$X:L11$S22US41US21$IEEE1$IW$USESV6$~STKCKD$USESV7$~SHL$OSPACE$ROPI$EBA8$UX$STANDARDLIB$REQ8$PRES8$EABIv2 0x00000000   Number         0  anon$$obj.o ABSOLUTE
    __ARM_use_no_argv                        0x00000000   Number         0  main.o ABSOLUTE
    __ARM_exceptions_init                     - Undefined Weak Reference
    __alloca_initialize                       - Undefined Weak Reference
    __arm_preinit_                            - Undefined Weak Reference
    __cpp_initialize__aeabi_                  - Undefined Weak Reference
    __cxa_finalize                            - Undefined Weak Reference
    __rt_locale                               - Undefined Weak Reference
    __sigvec_lookup                           - Undefined Weak Reference
    _atexit_init                              - Undefined Weak Reference
    _call_atexit_fns                          - Undefined Weak Reference
    _clock_init                               - Undefined Weak Reference
    _fp_trap_init                             - Undefined Weak Reference
    _fp_trap_shutdown                         - Undefined Weak Reference
    _get_lc_collate                           - Undefined Weak Reference
    _get_lc_ctype                             - Undefined Weak Reference
    _get_lc_monetary                          - Undefined Weak Reference
    _get_lc_numeric                           - Undefined Weak Reference
    _get_lc_time                              - Undefined Weak Reference
    _getenv_init                              - Undefined Weak Reference
    _handle_redirection                       - Undefined Weak Reference
    _init_alloc                               - Undefined Weak Reference
    _init_user_alloc                          - Undefined Weak Reference
    _initio                                   - Undefined Weak Reference
    _rand_init                                - Undefined Weak Reference
    _signal_finish                            - Undefined Weak Reference
    _signal_init                              - Undefined Weak Reference
    _terminate_alloc                          - Undefined Weak Reference
    _terminate_user_alloc                     - Undefined Weak Reference
    _terminateio                              - Undefined Weak Reference
    __Vectors_Size                           0x00000130   Number         0  startup_stm32f10x_hd.o ABSOLUTE
    __Vectors                                0x08000000   Data           4  startup_stm32f10x_hd.o(RESET)
    __Vectors_End                            0x08000130   Data           0  startup_stm32f10x_hd.o(RESET)
    __main                                   0x08000131   Thumb Code     8  __main.o(!!!main)
    __scatterload                            0x08000139   Thumb Code     0  __scatter.o(!!!scatter)
    __scatterload_rt2                        0x08000139   Thumb Code    44  __scatter.o(!!!scatter)
    __scatterload_rt2_thumb_only             0x08000139   Thumb Code     0  __scatter.o(!!!scatter)
    __scatterload_null                       0x08000147   Thumb Code     0  __scatter.o(!!!scatter)
    __decompress                             0x0800016d   Thumb Code   100  __dclz77c.o(!!dclz77c)
    __decompress2                            0x0800016d   Thumb Code     0  __dclz77c.o(!!dclz77c)
    __scatterload_zeroinit                   0x080001d1   Thumb Code    28  __scatter_zi.o(!!handler_zi)
    __rt_lib_init                            0x080001ed   Thumb Code     0  libinit.o(.ARM.Collect$$libinit$$00000000)
    __rt_lib_init_alloca_1                   0x080001ef   Thumb Code     0  libinit2.o(.ARM.Collect$$libinit$$0000002E)
    __rt_lib_init_argv_1                     0x080001ef   Thumb Code     0  libinit2.o(.ARM.Collect$$libinit$$0000002C)
    __rt_lib_init_atexit_1                   0x080001ef   Thumb Code     0  libinit2.o(.ARM.Collect$$libinit$$0000001B)
    __rt_lib_init_clock_1                    0x080001ef   Thumb Code     0  libinit2.o(.ARM.Collect$$libinit$$00000021)
    __rt_lib_init_cpp_1                      0x080001ef   Thumb Code     0  libinit2.o(.ARM.Collect$$libinit$$00000032)
    __rt_lib_init_exceptions_1               0x080001ef   Thumb Code     0  libinit2.o(.ARM.Collect$$libinit$$00000030)
    __rt_lib_init_fp_1                       0x080001ef   Thumb Code     0  libinit2.o(.ARM.Collect$$libinit$$00000002)
    __rt_lib_init_fp_trap_1                  0x080001ef   Thumb Code     0  libinit2.o(.ARM.Collect$$libinit$$0000001F)
    __rt_lib_init_getenv_1                   0x080001ef   Thumb Code     0  libinit2.o(.ARM.Collect$$libinit$$00000023)
    __rt_lib_init_heap_1                     0x080001ef   Thumb Code     0  libinit2.o(.ARM.Collect$$libinit$$0000000A)
    __rt_lib_init_lc_collate_1               0x080001ef   Thumb Code     0  libinit2.o(.ARM.Collect$$libinit$$00000011)
    __rt_lib_init_lc_ctype_1                 0x080001ef   Thumb Code     0  libinit2.o(.ARM.Collect$$libinit$$00000013)
    __rt_lib_init_lc_monetary_1              0x080001ef   Thumb Code     0  libinit2.o(.ARM.Collect$$libinit$$00000015)
    __rt_lib_init_lc_numeric_1               0x080001ef   Thumb Code     0  libinit2.o(.ARM.Collect$$libinit$$00000017)
    __rt_lib_init_lc_time_1                  0x080001ef   Thumb Code     0  libinit2.o(.ARM.Collect$$libinit$$00000019)
    __rt_lib_init_preinit_1                  0x080001ef   Thumb Code     0  libinit2.o(.ARM.Collect$$libinit$$00000004)
    __rt_lib_init_rand_1                     0x080001ef   Thumb Code     0  libinit2.o(.ARM.Collect$$libinit$$0000000E)
    __rt_lib_init_return                     0x080001ef   Thumb Code     0  libinit2.o(.ARM.Collect$$libinit$$00000033)
    __rt_lib_init_signal_1                   0x080001ef   Thumb Code     0  libinit2.o(.ARM.Collect$$libinit$$0000001D)
    __rt_lib_init_stdio_1                    0x080001ef   Thumb Code     0  libinit2.o(.ARM.Collect$$libinit$$00000025)
    __rt_lib_init_user_alloc_1               0x080001ef   Thumb Code     0  libinit2.o(.ARM.Collect$$libinit$$0000000C)
    __rt_lib_shutdown                        0x080001f1   Thumb Code     0  libshutdown.o(.ARM.Collect$$libshutdown$$00000000)
    __rt_lib_shutdown_fp_trap_1              0x080001f3   Thumb Code     0  libshutdown2.o(.ARM.Collect$$libshutdown$$00000006)
    __rt_lib_shutdown_heap_1                 0x080001f3   Thumb Code     0  libshutdown2.o(.ARM.Collect$$libshutdown$$0000000E)
    __rt_lib_shutdown_return                 0x080001f3   Thumb Code     0  libshutdown2.o(.ARM.Collect$$libshutdown$$0000000F)
    __rt_lib_shutdown_signal_1               0x080001f3   Thumb Code     0  libshutdown2.o(.ARM.Collect$$libshutdown$$00000009)
    __rt_lib_shutdown_stdio_1                0x080001f3   Thumb Code     0  libshutdown2.o(.ARM.Collect$$libshutdown$$00000003)
    __rt_lib_shutdown_user_alloc_1           0x080001f3   Thumb Code     0  libshutdown2.o(.ARM.Collect$$libshutdown$$0000000B)
    __rt_entry                               0x080001f5   Thumb Code     0  __rtentry.o(.ARM.Collect$$rtentry$$00000000)
    __rt_entry_presh_1                       0x080001f5   Thumb Code     0  __rtentry2.o(.ARM.Collect$$rtentry$$00000002)
    __rt_entry_sh                            0x080001f5   Thumb Code     0  __rtentry4.o(.ARM.Collect$$rtentry$$00000004)
    __rt_entry_li                            0x080001fb   Thumb Code     0  __rtentry2.o(.ARM.Collect$$rtentry$$0000000A)
    __rt_entry_postsh_1                      0x080001fb   Thumb Code     0  __rtentry2.o(.ARM.Collect$$rtentry$$00000009)
    __rt_entry_main                          0x080001ff   Thumb Code     0  __rtentry2.o(.ARM.Collect$$rtentry$$0000000D)
    __rt_entry_postli_1                      0x080001ff   Thumb Code     0  __rtentry2.o(.ARM.Collect$$rtentry$$0000000C)
    __rt_exit                                0x08000207   Thumb Code     0  rtexit.o(.ARM.Collect$$rtexit$$00000000)
    __rt_exit_ls                             0x08000209   Thumb Code     0  rtexit2.o(.ARM.Collect$$rtexit$$00000003)
    __rt_exit_prels_1                        0x08000209   Thumb Code     0  rtexit2.o(.ARM.Collect$$rtexit$$00000002)
    __rt_exit_exit                           0x0800020d   Thumb Code     0  rtexit2.o(.ARM.Collect$$rtexit$$00000004)
    Reset_Handler                            0x08000215   Thumb Code     8  startup_stm32f10x_hd.o(.text)
    ADC1_2_IRQHandler                        0x0800022f   Thumb Code     0  startup_stm32f10x_hd.o(.text)
    ADC3_IRQHandler                          0x0800022f   Thumb Code     0  startup_stm32f10x_hd.o(.text)
    CAN1_RX1_IRQHandler                      0x0800022f   Thumb Code     0  startup_stm32f10x_hd.o(.text)
    CAN1_SCE_IRQHandler                      0x0800022f   Thumb Code     0  startup_stm32f10x_hd.o(.text)
    EXTI0_IRQHandler                         0x0800022f   Thumb Code     0  startup_stm32f10x_hd.o(.text)
    EXTI15_10_IRQHandler                     0x0800022f   Thumb Code     0  startup_stm32f10x_hd.o(.text)
    EXTI1_IRQHandler                         0x0800022f   Thumb Code     0  startup_stm32f10x_hd.o(.text)
    EXTI2_IRQHandler                         0x0800022f   Thumb Code     0  startup_stm32f10x_hd.o(.text)
    EXTI3_IRQHandler                         0x0800022f   Thumb Code     0  startup_stm32f10x_hd.o(.text)
    EXTI4_IRQHandler                         0x0800022f   Thumb Code     0  startup_stm32f10x_hd.o(.text)
    EXTI9_5_IRQHandler                       0x0800022f   Thumb Code     0  startup_stm32f10x_hd.o(.text)
    FLASH_IRQHandler                         0x0800022f   Thumb Code     0  startup_stm32f10x_hd.o(.text)
    FSMC_IRQHandler                          0x0800022f   Thumb Code     0  startup_stm32f10x_hd.o(.text)
    I2C1_ER_IRQHandler                       0x0800022f   Thumb Code     0  startup_stm32f10x_hd.o(.text)
    I2C1_EV_IRQHandler                       0x0800022f   Thumb Code     0  startup_stm32f10x_hd.o(.text)
    PVD_IRQHandler                           0x0800022f   Thumb Code     0  startup_stm32f10x_hd.o(.text)
    RCC_IRQHandler                           0x0800022f   Thumb Code     0  startup_stm32f10x_hd.o(.text)
    RTCAlarm_IRQHandler                      0x0800022f   Thumb Code     0  startup_stm32f10x_hd.o(.text)
    RTC_IRQHandler                           0x0800022f   Thumb Code     0  startup_stm32f10x_hd.o(.text)
    SDIO_IRQHandler                          0x0800022f   Thumb Code     0  startup_stm32f10x_hd.o(.text)
    SPI1_IRQHandler                          0x0800022f   Thumb Code     0  startup_stm32f10x_hd.o(.text)
    SPI2_IRQHandler                          0x0800022f   Thumb Code     0  startup_stm32f10x_hd.o(.text)
    SPI3_IRQHandler                          0x0800022f   Thumb Code     0  startup_stm32f10x_hd.o(.text)
    TAMPER_IRQHandler                        0x0800022f   Thumb Code     0  startup_stm32f10x_hd.o(.text)
    TIM1_BRK_IRQHandler                      0x0800022f   Thumb Code     0  startup_stm32f10x_hd.o(.text)
    TIM1_CC_IRQHandler                       0x0800022f   Thumb Code     0  startup_stm32f10x_hd.o(.text)
    TIM1_TRG_COM_IRQHandler                  0x0800022f   Thumb Code     0  startup_stm32f10x_hd.o(.text)
    TIM1_UP_IRQHandler                       0x0800022f   Thumb Code     0  startup_stm32f10x_hd.o(.text)
    TIM8_BRK_IRQHandler                      0x0800022f   Thumb Code     0  startup_stm32f10x_hd.o(.text)
    TIM8_CC_IRQHandler                       0x0800022f   Thumb Code     0  startup_stm32f10x_hd.o(.text)
    TIM8_TRG_COM_IRQHandler                  0x0800022f   Thumb Code     0  startup_stm32f10x_hd.o(.text)
    TIM8_UP_IRQHandler                       0x0800022f   Thumb Code     0  startup_stm32f10x_hd.o(.text)
    UART4_IRQHandler                         0x0800022f   Thumb Code     0  startup_stm32f10x_hd.o(.text)
    UART5_IRQHandler                         0x0800022f   Thumb Code     0  startup_stm32f10x_hd.o(.text)
    USART2_IRQHandler                        0x0800022f   Thumb Code     0  startup_stm32f10x_hd.o(.text)
    USBWakeUp_IRQHandler                     0x0800022f   Thumb Code     0  startup_stm32f10x_hd.o(.text)
    USB_HP_CAN1_TX_IRQHandler                0x0800022f   Thumb Code     0  startup_stm32f10x_hd.o(.text)
    USB_LP_CAN1_RX0_IRQHandler               0x0800022f   Thumb Code     0  startup_stm32f10x_hd.o(.text)
    WWDG_IRQHandler                          0x0800022f   Thumb Code     0  startup_stm32f10x_hd.o(.text)
    __user_initial_stackheap                 0x08000231   Thumb Code     0  startup_stm32f10x_hd.o(.text)
    abs                                      0x08000255   Thumb Code     8  abs.o(.text)
    __aeabi_memclr4                          0x0800025d   Thumb Code     0  rt_memclr_w.o(.text)
    __aeabi_memclr8                          0x0800025d   Thumb Code     0  rt_memclr_w.o(.text)
    __rt_memclr_w                            0x0800025d   Thumb Code    78  rt_memclr_w.o(.text)
    _memset_w                                0x08000261   Thumb Code     0  rt_memclr_w.o(.text)
    __use_two_region_memory                  0x080002ab   Thumb Code     2  heapauxi.o(.text)
    __rt_heap_escrow$2region                 0x080002ad   Thumb Code     2  heapauxi.o(.text)
    __rt_heap_expand$2region                 0x080002af   Thumb Code     2  heapauxi.o(.text)
    __user_setup_stackheap                   0x080002b1   Thumb Code    74  sys_stackheap_outer.o(.text)
    exit                                     0x080002fb   Thumb Code    12  exit.o(.text)
    __user_libspace                          0x08000309   Thumb Code     8  libspace.o(.text)
    __user_perproc_libspace                  0x08000309   Thumb Code     0  libspace.o(.text)
    __user_perthread_libspace                0x08000309   Thumb Code     0  libspace.o(.text)
    _sys_exit                                0x08000311   Thumb Code     8  sys_exit.o(.text)
    __I$use$semihosting                      0x0800031d   Thumb Code     0  use_no_semi.o(.text)
    __use_no_semihosting_swi                 0x0800031d   Thumb Code     2  use_no_semi.o(.text)
    BusFault_Handler                         0x0800031f   Thumb Code     4  stm32f10x_it.o(i.BusFault_Handler)
    __semihosting_library_function           0x0800031f   Thumb Code     0  indicate_semi.o(.text)
    DMA1_Channel1_Event                      0x08000323   Thumb Code     2  dma_stm32f10x.o(i.DMA1_Channel1_Event)
    DMA1_Channel1_IRQHandler                 0x08000325   Thumb Code    22  dma_stm32f10x.o(i.DMA1_Channel1_IRQHandler)
    DMA1_Channel2_Event                      0x08000341   Thumb Code     2  dma_stm32f10x.o(i.DMA1_Channel2_Event)
    DMA1_Channel2_IRQHandler                 0x08000345   Thumb Code    24  dma_stm32f10x.o(i.DMA1_Channel2_IRQHandler)
    DMA1_Channel3_Event                      0x08000361   Thumb Code     2  dma_stm32f10x.o(i.DMA1_Channel3_Event)
    DMA1_Channel3_IRQHandler                 0x08000365   Thumb Code    24  dma_stm32f10x.o(i.DMA1_Channel3_IRQHandler)
    DMA1_Channel4_Event                      0x08000381   Thumb Code    14  i2c_stm32f10x.o(i.DMA1_Channel4_Event)
    DMA1_Channel4_IRQHandler                 0x08000395   Thumb Code    24  dma_stm32f10x.o(i.DMA1_Channel4_IRQHandler)
    DMA1_Channel5_Event                      0x080003b1   Thumb Code    14  i2c_stm32f10x.o(i.DMA1_Channel5_Event)
    DMA1_Channel5_IRQHandler                 0x080003c5   Thumb Code    24  dma_stm32f10x.o(i.DMA1_Channel5_IRQHandler)
    DMA1_Channel6_Event                      0x080003e1   Thumb Code     2  dma_stm32f10x.o(i.DMA1_Channel6_Event)
    DMA1_Channel6_IRQHandler                 0x080003e5   Thumb Code    24  dma_stm32f10x.o(i.DMA1_Channel6_IRQHandler)
    DMA1_Channel7_Event                      0x08000401   Thumb Code     2  dma_stm32f10x.o(i.DMA1_Channel7_Event)
    DMA1_Channel7_IRQHandler                 0x08000405   Thumb Code    24  dma_stm32f10x.o(i.DMA1_Channel7_IRQHandler)
    DMA2_Channel1_Event                      0x08000421   Thumb Code     2  dma_stm32f10x.o(i.DMA2_Channel1_Event)
    DMA2_Channel1_IRQHandler                 0x08000425   Thumb Code    24  dma_stm32f10x.o(i.DMA2_Channel1_IRQHandler)
    DMA2_Channel2_Event                      0x08000441   Thumb Code     2  dma_stm32f10x.o(i.DMA2_Channel2_Event)
    DMA2_Channel2_IRQHandler                 0x08000445   Thumb Code    26  dma_stm32f10x.o(i.DMA2_Channel2_IRQHandler)
    DMA2_Channel3_Event                      0x08000465   Thumb Code     2  dma_stm32f10x.o(i.DMA2_Channel3_Event)
    DMA2_Channel3_IRQHandler                 0x08000469   Thumb Code    26  dma_stm32f10x.o(i.DMA2_Channel3_IRQHandler)
    DMA2_Channel4_5_IRQHandler               0x08000489   Thumb Code    52  dma_stm32f10x.o(i.DMA2_Channel4_5_IRQHandler)
    DMA2_Channel4_Event                      0x080004c1   Thumb Code     2  dma_stm32f10x.o(i.DMA2_Channel4_Event)
    DMA2_Channel5_Event                      0x080004c3   Thumb Code     2  dma_stm32f10x.o(i.DMA2_Channel5_Event)
    DMA_ChannelInitialize                    0x080004c5   Thumb Code   444  dma_stm32f10x.o(i.DMA_ChannelInitialize)
    DMA_ChannelUninitialize                  0x08000695   Thumb Code   334  dma_stm32f10x.o(i.DMA_ChannelUninitialize)
    DMA_Cmd                                  0x080007f9   Thumb Code    24  stm32f10x_dma.o(i.DMA_Cmd)
    DMA_DeInit                               0x08000811   Thumb Code   324  stm32f10x_dma.o(i.DMA_DeInit)
    DMA_GetCurrDataCounter                   0x0800095d   Thumb Code     8  stm32f10x_dma.o(i.DMA_GetCurrDataCounter)
    DMA_Init                                 0x08000965   Thumb Code    60  stm32f10x_dma.o(i.DMA_Init)
    DMA_SetCurrDataCounter                   0x080009a1   Thumb Code     4  stm32f10x_dma.o(i.DMA_SetCurrDataCounter)
    DebugMon_Handler                         0x080009a5   Thumb Code     2  stm32f10x_it.o(i.DebugMon_Handler)
    Delay                                    0x080009a9   Thumb Code    20  port.o(i.Delay)
    FLASH_PrefetchBufferCmd                  0x080009c1   Thumb Code    22  stm32f10x_flash.o(i.FLASH_PrefetchBufferCmd)
    FLASH_SetLatency                         0x080009dd   Thumb Code    18  stm32f10x_flash.o(i.FLASH_SetLatency)
    GPIO_AFConfigure                         0x080009f5   Thumb Code   146  gpio_stm32f10x.o(i.GPIO_AFConfigure)
    GPIO_GetPortClockState                   0x08000a91   Thumb Code   118  gpio_stm32f10x.o(i.GPIO_GetPortClockState)
    GPIO_Init                                0x08000b29   Thumb Code   278  stm32f10x_gpio.o(i.GPIO_Init)
    GPIO_PinConfigure                        0x08000c3f   Thumb Code   120  gpio_stm32f10x.o(i.GPIO_PinConfigure)
    GPIO_PinRemapConfig                      0x08000cb9   Thumb Code   138  stm32f10x_gpio.o(i.GPIO_PinRemapConfig)
    GPIO_PortClock                           0x08000d49   Thumb Code   284  gpio_stm32f10x.o(i.GPIO_PortClock)
    GPIO_ReadInputDataBit                    0x08000e85   Thumb Code    18  stm32f10x_gpio.o(i.GPIO_ReadInputDataBit)
    GPIO_ResetBits                           0x08000e97   Thumb Code     4  stm32f10x_gpio.o(i.GPIO_ResetBits)
    GPIO_SetBits                             0x08000e9b   Thumb Code     4  stm32f10x_gpio.o(i.GPIO_SetBits)
    GetBlack                                 0x08000ea1   Thumb Code   106  sensors.o(i.GetBlack)
    HardFault_Handler                        0x08000f29   Thumb Code     4  stm32f10x_it.o(i.HardFault_Handler)
    I2C2_ER_IRQHandler                       0x08000f45   Thumb Code    10  i2c_stm32f10x.o(i.I2C2_ER_IRQHandler)
    I2C2_EV_IRQHandler                       0x08000f55   Thumb Code    10  i2c_stm32f10x.o(i.I2C2_EV_IRQHandler)
    MYDMA_Enable                             0x080021eb   Thumb Code    32  usart.o(i.MYDMA_Enable)
    MemManage_Handler                        0x0800220b   Thumb Code     4  stm32f10x_it.o(i.MemManage_Handler)
    NMI_Handler                              0x0800220f   Thumb Code     2  stm32f10x_it.o(i.NMI_Handler)
    NVIC_Init                                0x08002211   Thumb Code   100  misc.o(i.NVIC_Init)
    NVIC_PriorityGroupConfig                 0x08002281   Thumb Code    10  misc.o(i.NVIC_PriorityGroupConfig)
    Our_Sys_Init                             0x08002295   Thumb Code    12  port.o(i.Our_Sys_Init)
    PendSV_Handler                           0x080022a1   Thumb Code     2  stm32f10x_it.o(i.PendSV_Handler)
    Periph_init                              0x080022a3   Thumb Code     8  port.o(i.Periph_init)
    RCC_AHBPeriphClockCmd                    0x080022ad   Thumb Code    26  stm32f10x_rcc.o(i.RCC_AHBPeriphClockCmd)
    RCC_APB1PeriphClockCmd                   0x080022cd   Thumb Code    26  stm32f10x_rcc.o(i.RCC_APB1PeriphClockCmd)
    RCC_APB1PeriphResetCmd                   0x080022ed   Thumb Code    26  stm32f10x_rcc.o(i.RCC_APB1PeriphResetCmd)
    RCC_APB2PeriphClockCmd                   0x0800230d   Thumb Code    26  stm32f10x_rcc.o(i.RCC_APB2PeriphClockCmd)
    RCC_APB2PeriphResetCmd                   0x0800232d   Thumb Code    26  stm32f10x_rcc.o(i.RCC_APB2PeriphResetCmd)
    RCC_ClockSecuritySystemCmd               0x0800234d   Thumb Code     6  stm32f10x_rcc.o(i.RCC_ClockSecuritySystemCmd)
    RCC_DeInit                               0x08002359   Thumb Code    64  stm32f10x_rcc.o(i.RCC_DeInit)
    RCC_GetClocksFreq                        0x080023a5   Thumb Code   192  stm32f10x_rcc.o(i.RCC_GetClocksFreq)
    RCC_GetFlagStatus                        0x08002479   Thumb Code    56  stm32f10x_rcc.o(i.RCC_GetFlagStatus)
    RCC_GetSYSCLKSource                      0x080024b5   Thumb Code    10  stm32f10x_rcc.o(i.RCC_GetSYSCLKSource)
    RCC_HCLKConfig                           0x080024c5   Thumb Code    18  stm32f10x_rcc.o(i.RCC_HCLKConfig)
    RCC_HSEConfig                            0x080024dd   Thumb Code    70  stm32f10x_rcc.o(i.RCC_HSEConfig)
    RCC_PCLK1Config                          0x08002529   Thumb Code    18  stm32f10x_rcc.o(i.RCC_PCLK1Config)
    RCC_PCLK2Config                          0x08002541   Thumb Code    20  stm32f10x_rcc.o(i.RCC_PCLK2Config)
    RCC_PLLCmd                               0x08002559   Thumb Code     6  stm32f10x_rcc.o(i.RCC_PLLCmd)
    RCC_PLLConfig                            0x08002565   Thumb Code    24  stm32f10x_rcc.o(i.RCC_PLLConfig)
    RCC_SYSCLKConfig                         0x08002581   Thumb Code    18  stm32f10x_rcc.o(i.RCC_SYSCLKConfig)
    RCC_WaitForHSEStartUp                    0x08002599   Thumb Code    56  stm32f10x_rcc.o(i.RCC_WaitForHSEStartUp)
    RCC_init                                 0x080025d1   Thumb Code   128  port.o(i.RCC_init)
    SVC_Handler                              0x08002655   Thumb Code     2  stm32f10x_it.o(i.SVC_Handler)
    SysTick_Handler                          0x08002741   Thumb Code     8  stm32f10x_it.o(i.SysTick_Handler)
    SystemCoreClockUpdate                    0x08002749   Thumb Code   142  system_stm32f10x.o(i.SystemCoreClockUpdate)
    SystemInit                               0x080027ed   Thumb Code    78  system_stm32f10x.o(i.SystemInit)
    Systick_init                             0x0800284d   Thumb Code    72  port.o(i.Systick_init)
    TIM2_Detect_init                         0x080029b5   Thumb Code   202  pwm.o(i.TIM2_Detect_init)
    TIM2_IRQHandler                          0x08002a85   Thumb Code   104  pwm.o(i.TIM2_IRQHandler)
    TIM3_IRQHandler                          0x08002afd   Thumb Code    22  pwm.o(i.TIM3_IRQHandler)
    TIM3_PWM_Init                            0x08002b19   Thumb Code   172  pwm.o(i.TIM3_PWM_Init)
    TIM4_Detect_init                         0x08002bd1   Thumb Code   196  pwm.o(i.TIM4_Detect_init)
    TIM4_IRQHandler                          0x08002c9d   Thumb Code    94  pwm.o(i.TIM4_IRQHandler)
    TIM5_Detect_init                         0x08002d15   Thumb Code   198  pwm.o(i.TIM5_Detect_init)
    TIM5_IRQHandler                          0x08002de9   Thumb Code    68  pwm.o(i.TIM5_IRQHandler)
    TIM6_Config                              0x08002e35   Thumb Code   102  pwm.o(i.TIM6_Config)
    TIM6_IRQHandler                          0x08002ea1   Thumb Code   162  pwm.o(i.TIM6_IRQHandler)
    TIM7_IRQHandler                          0x08002f71   Thumb Code    22  sensors.o(i.TIM7_IRQHandler)
    TIM_ClearFlag                            0x08002f8d   Thumb Code     6  stm32f10x_tim.o(i.TIM_ClearFlag)
    TIM_ClearITPendingBit                    0x08002f93   Thumb Code     6  stm32f10x_tim.o(i.TIM_ClearITPendingBit)
    TIM_Cmd                                  0x08002f99   Thumb Code    24  stm32f10x_tim.o(i.TIM_Cmd)
    TIM_GetCapture2                          0x08002fb1   Thumb Code     6  stm32f10x_tim.o(i.TIM_GetCapture2)
    TIM_GetITStatus                          0x08002fb7   Thumb Code    34  stm32f10x_tim.o(i.TIM_GetITStatus)
    TIM_ITConfig                             0x08002fd9   Thumb Code    18  stm32f10x_tim.o(i.TIM_ITConfig)
    TIM_OC1Init                              0x08002fed   Thumb Code   132  stm32f10x_tim.o(i.TIM_OC1Init)
    TIM_OC1PolarityConfig                    0x08003085   Thumb Code    18  stm32f10x_tim.o(i.TIM_OC1PolarityConfig)
    TIM_OC1PreloadConfig                     0x08003097   Thumb Code    18  stm32f10x_tim.o(i.TIM_OC1PreloadConfig)
    TIM_OC2Init                              0x080030a9   Thumb Code   154  stm32f10x_tim.o(i.TIM_OC2Init)
    TIM_OC2PreloadConfig                     0x0800314d   Thumb Code    26  stm32f10x_tim.o(i.TIM_OC2PreloadConfig)
    TIM_PWMIConfig                           0x08003167   Thumb Code   124  stm32f10x_tim.o(i.TIM_PWMIConfig)
    TIM_SelectInputTrigger                   0x080031e3   Thumb Code    18  stm32f10x_tim.o(i.TIM_SelectInputTrigger)
    TIM_SelectMasterSlaveMode                0x080031f5   Thumb Code    18  stm32f10x_tim.o(i.TIM_SelectMasterSlaveMode)
    TIM_SelectSlaveMode                      0x08003207   Thumb Code    18  stm32f10x_tim.o(i.TIM_SelectSlaveMode)
    TIM_SetCompare1                          0x08003219   Thumb Code     4  stm32f10x_tim.o(i.TIM_SetCompare1)
    TIM_SetCompare2                          0x0800321d   Thumb Code     4  stm32f10x_tim.o(i.TIM_SetCompare2)
    TIM_SetCounter                           0x08003221   Thumb Code     4  stm32f10x_tim.o(i.TIM_SetCounter)
    TIM_SetIC1Prescaler                      0x08003225   Thumb Code    18  stm32f10x_tim.o(i.TIM_SetIC1Prescaler)
    TIM_SetIC2Prescaler                      0x08003237   Thumb Code    26  stm32f10x_tim.o(i.TIM_SetIC2Prescaler)
    TIM_TimeBaseInit                         0x08003251   Thumb Code   122  stm32f10x_tim.o(i.TIM_TimeBaseInit)
    TimingDelay_Decrement                    0x080032f5   Thumb Code    18  port.o(i.TimingDelay_Decrement)
    USART1_IRQHandler                        0x0800330d   Thumb Code   124  usart.o(i.USART1_IRQHandler)
    USART1_init                              0x080033ad   Thumb Code   272  usart.o(i.USART1_init)
    USART1_sendByte                          0x080034cd   Thumb Code    28  usart.o(i.USART1_sendByte)
    USART1_sendStr                           0x080034ed   Thumb Code    22  usart.o(i.USART1_sendStr)
    USART2_init                              0x08003505   Thumb Code   122  usart.o(i.USART2_init)
    USART2_sendByte                          0x08003589   Thumb Code    36  usart.o(i.USART2_sendByte)
    USART2_sendStr                           0x080035b1   Thumb Code    22  usart.o(i.USART2_sendStr)
    USART3_IRQHandler                        0x080035c9   Thumb Code   246  usart.o(i.USART3_IRQHandler)
    USART3_init                              0x080036e1   Thumb Code   274  usart.o(i.USART3_init)
    USART_ClearFlag                          0x08003805   Thumb Code    18  stm32f10x_usart.o(i.USART_ClearFlag)
    USART_ClearITPendingBit                  0x08003817   Thumb Code    30  stm32f10x_usart.o(i.USART_ClearITPendingBit)
    USART_Cmd                                0x08003835   Thumb Code    24  stm32f10x_usart.o(i.USART_Cmd)
    USART_DMACmd                             0x0800384d   Thumb Code    18  stm32f10x_usart.o(i.USART_DMACmd)
    USART_DeInit                             0x08003861   Thumb Code   134  stm32f10x_usart.o(i.USART_DeInit)
    USART_GetFlagStatus                      0x080038fd   Thumb Code    26  stm32f10x_usart.o(i.USART_GetFlagStatus)
    USART_GetITStatus                        0x08003917   Thumb Code    84  stm32f10x_usart.o(i.USART_GetITStatus)
    USART_ITConfig                           0x0800396b   Thumb Code    74  stm32f10x_usart.o(i.USART_ITConfig)
    USART_Init                               0x080039b5   Thumb Code   210  stm32f10x_usart.o(i.USART_Init)
    USART_ReceiveData                        0x08003a8d   Thumb Code    10  stm32f10x_usart.o(i.USART_ReceiveData)
    USART_SendData                           0x08003a97   Thumb Code     8  stm32f10x_usart.o(i.USART_SendData)
    UsageFault_Handler                       0x08003a9f   Thumb Code     4  stm32f10x_it.o(i.UsageFault_Handler)
    comp                                     0x08003bb1   Thumb Code    28  usart.o(i.comp)
    dataProcess                              0x08003bcd   Thumb Code   640  usart.o(i.dataProcess)
    dest                                     0x08003e95   Thumb Code   546  main.o(i.dest)
    dist                                     0x080040f9   Thumb Code    32  main.o(i.dist)
    eq                                       0x08004119   Thumb Code    16  main.o(i.eq)
    equ                                      0x0800412d   Thumb Code    30  main.o(i.equ)
    initR                                    0x0800414d   Thumb Code    70  main.o(i.initR)
    itoa                                     0x080041b1   Thumb Code   200  usart.o(i.itoa)
    keepStraight                             0x08004279   Thumb Code    42  main.o(i.keepStraight)
    left_Pid                                 0x080042b1   Thumb Code   234  pwm.o(i.left_Pid)
    locate                                   0x080043c1   Thumb Code    70  main.o(i.locate)
    main                                     0x08004415   Thumb Code  1714  main.o(i.main)
    printn                                   0x08004b21   Thumb Code    20  usart.o(i.printn)
    putchar                                  0x08004b35   Thumb Code    14  main.o(i.putchar)
    right_Pid                                0x08004b49   Thumb Code   234  pwm.o(i.right_Pid)
    sensors_init                             0x08004c59   Thumb Code   108  sensors.o(i.sensors_init)
    setAB                                    0x08004cd1   Thumb Code    86  main.o(i.setAB)
    setDir                                   0x08004d65   Thumb Code   126  pwm.o(i.setDir)
    straight                                 0x08004de9   Thumb Code   174  main.o(i.straight)
    straight_u                               0x08004eb1   Thumb Code    84  main.o(i.straight_u)
    straight_w                               0x08004f2d   Thumb Code    84  main.o(i.straight_w)
    turnAround                               0x08004fa9   Thumb Code    54  main.o(i.turnAround)
    turnLR_u                                 0x08004ff1   Thumb Code   228  main.o(i.turnLR_u)
    turnLR_w                                 0x08005105   Thumb Code   212  main.o(i.turnLR_w)
    turnLRs_u                                0x08005209   Thumb Code   228  main.o(i.turnLRs_u)
    turnL_w                                  0x0800531d   Thumb Code    18  main.o(i.turnL_w)
    turnR_u                                  0x0800533d   Thumb Code    18  main.o(i.turnR_u)
    turnR_w                                  0x0800535d   Thumb Code    18  main.o(i.turnR_w)
    turnRs_u                                 0x0800537d   Thumb Code    18  main.o(i.turnRs_u)
    turn_                                    0x0800539d   Thumb Code   118  main.o(i.turn_)
    wait                                     0x08005421   Thumb Code    12  main.o(i.wait)
    wireless_init                            0x0800542d   Thumb Code    40  usart.o(i.wireless_init)
    __fpl_dretinf                            0x080054a9   Thumb Code    12  dretinf.o(x$fpl$dretinf)
    __aeabi_f2d                              0x080054b5   Thumb Code     0  f2d.o(x$fpl$f2d)
    _f2d                                     0x080054b5   Thumb Code    86  f2d.o(x$fpl$f2d)
    __aeabi_fadd                             0x0800550d   Thumb Code     0  faddsub_clz.o(x$fpl$fadd)
    _fadd                                    0x0800550d   Thumb Code   196  faddsub_clz.o(x$fpl$fadd)
    __fpl_fcmp_Inf                           0x080055d1   Thumb Code    24  fcmpi.o(x$fpl$fcmpinf)
    __aeabi_f2iz                             0x080055e9   Thumb Code     0  ffix.o(x$fpl$ffix)
    _ffix                                    0x080055e9   Thumb Code    54  ffix.o(x$fpl$ffix)
    __aeabi_i2f                              0x08005621   Thumb Code     0  fflt_clz.o(x$fpl$fflt)
    _fflt                                    0x08005621   Thumb Code    48  fflt_clz.o(x$fpl$fflt)
    __aeabi_cfcmple                          0x08005651   Thumb Code     0  fleqf.o(x$fpl$fleqf)
    _fcmple                                  0x08005651   Thumb Code   104  fleqf.o(x$fpl$fleqf)
    __fpl_fcmple_InfNaN                      0x080056a3   Thumb Code     0  fleqf.o(x$fpl$fleqf)
    __aeabi_fmul                             0x080056b9   Thumb Code     0  fmul.o(x$fpl$fmul)
    _fmul                                    0x080056b9   Thumb Code   258  fmul.o(x$fpl$fmul)
    __fpl_fnaninf                            0x080057bb   Thumb Code   140  fnaninf.o(x$fpl$fnaninf)
    __fpl_fretinf                            0x08005847   Thumb Code    10  fretinf.o(x$fpl$fretinf)
    __aeabi_cfrcmple                         0x08005851   Thumb Code     0  frleqf.o(x$fpl$frleqf)
    _frcmple                                 0x08005851   Thumb Code    98  frleqf.o(x$fpl$frleqf)
    __aeabi_fsub                             0x080058b5   Thumb Code     0  faddsub_clz.o(x$fpl$fsub)
    _fsub                                    0x080058b5   Thumb Code   234  faddsub_clz.o(x$fpl$fsub)
    __I$use$fp                               0x0800599e   Number         0  usenofp.o(x$fpl$usenofp)
    Driver_I2C2                              0x080059e0   Data          48  i2c_stm32f10x.o(.constdata)
    Region$$Table$$Base                      0x08005a10   Number         0  anon$$obj.o(Region$$Table)
    Region$$Table$$Limit                     0x08005a30   Number         0  anon$$obj.o(Region$$Table)
    map                                      0x20000000   Data         729  main.o(.data)
    map2                                     0x200002d9   Data         729  main.o(.data)
    counter_pid                              0x200005b4   Data           4  main.o(.data)
    counter_locate                           0x200005b8   Data           4  main.o(.data)
    counter_LR                               0x200005bc   Data           4  main.o(.data)
    counter_Angle                            0x200005c0   Data           4  main.o(.data)
    i                                        0x200005c4   Data           4  main.o(.data)
    getman                                   0x200005c8   Data           4  main.o(.data)
    speed                                    0x200005cc   Data           4  main.o(.data)
    lt                                       0x200005d0   Data           4  main.o(.data)
    rt                                       0x200005d4   Data           4  main.o(.data)
    flag                                     0x200005d8   Data           4  main.o(.data)
    pos                                      0x200005dc   Data           1  main.o(.data)
    desti                                    0x200005dd   Data           1  main.o(.data)
    isA                                      0x200005de   Data           1  main.o(.data)
    car_label                                0x200005e0   Data           2  main.o(.data)
    myX                                      0x200005e4   Data           4  main.o(.data)
    myY                                      0x200005e8   Data           4  main.o(.data)
    myPenalty                                0x200005ec   Data           4  main.o(.data)
    myScore                                  0x200005f0   Data           4  main.o(.data)
    oppX                                     0x200005f4   Data           4  main.o(.data)
    oppY                                     0x200005f8   Data           4  main.o(.data)
    oppPenalty                               0x200005fc   Data           4  main.o(.data)
    oppScore                                 0x20000600   Data           4  main.o(.data)
    going_straight                           0x20000604   Data           2  main.o(.data)
    turn_around                              0x20000606   Data           2  main.o(.data)
    last_angle                               0x20000608   Data           4  main.o(.data)
    right_freq                               0x20000614   Data           4  pwm.o(.data)
    left_freq                                0x20000618   Data           4  pwm.o(.data)
    right_target                             0x2000061c   Data           4  pwm.o(.data)
    left_target                              0x20000620   Data           4  pwm.o(.data)
    detect_up                                0x20000624   Data           4  pwm.o(.data)
    left_dir                                 0x20000628   Data           4  pwm.o(.data)
    stop                                     0x2000062c   Data           2  pwm.o(.data)
    left_etSum                               0x20000630   Data           4  pwm.o(.data)
    left_dEt                                 0x20000634   Data           4  pwm.o(.data)
    left_lastErr                             0x20000638   Data           4  pwm.o(.data)
    left_secondErr                           0x2000063c   Data           4  pwm.o(.data)
    left_et                                  0x20000640   Data           4  pwm.o(.data)
    left_et1                                 0x20000644   Data           4  pwm.o(.data)
    left_et2                                 0x20000648   Data           4  pwm.o(.data)
    left_output                              0x2000064c   Data           4  pwm.o(.data)
    left_dout                                0x20000650   Data           4  pwm.o(.data)
    right_etSum                              0x20000654   Data           4  pwm.o(.data)
    right_dEt                                0x20000658   Data           4  pwm.o(.data)
    right_lastErr                            0x2000065c   Data           4  pwm.o(.data)
    right_secondErr                          0x20000660   Data           4  pwm.o(.data)
    right_et                                 0x20000664   Data           4  pwm.o(.data)
    right_et1                                0x20000668   Data           4  pwm.o(.data)
    right_et2                                0x2000066c   Data           4  pwm.o(.data)
    right_output                             0x20000670   Data           4  pwm.o(.data)
    right_dout                               0x20000674   Data           4  pwm.o(.data)
    left_stop_flag                           0x20000678   Data           4  pwm.o(.data)
    right_stop_flag                          0x2000067c   Data           4  pwm.o(.data)
    counter_overflow                         0x20000680   Data           4  pwm.o(.data)
    dataPrepare                              0x20000684   Data           2  usart.o(.data)
    AnglePrepare                             0x20000686   Data           2  usart.o(.data)
    connected                                0x20000688   Data           2  usart.o(.data)
    a                                        0x2000068a   Data           8  usart.o(.data)
    FirstAngle                               0x20000694   Data           4  usart.o(.data)
    angle_base                               0x20000698   Data           4  usart.o(.data)
    AngleInit                                0x2000069c   Data           2  usart.o(.data)
    Usart3_Rec_Cnt                           0x200006a0   Data           4  usart.o(.data)
    Usart1_Rec_Cnt                           0x200006a4   Data           4  usart.o(.data)
    count                                    0x200006a8   Data           4  usart.o(.data)
    count2                                   0x200006ac   Data           4  usart.o(.data)
    count3                                   0x200006b0   Data           4  usart.o(.data)
    dataFlag                                 0x200006b4   Data           2  usart.o(.data)
    mode                                     0x200006b6   Data           2  usart.o(.data)
    rounds                                   0x200006b8   Data           2  usart.o(.data)
    AX                                       0x200006ba   Data           2  usart.o(.data)
    AY                                       0x200006bc   Data           2  usart.o(.data)
    BX                                       0x200006be   Data           2  usart.o(.data)
    BY                                       0x200006c0   Data           2  usart.o(.data)
    men_num                                  0x200006c2   Data           2  usart.o(.data)
    penalty_A                                0x200006c4   Data           2  usart.o(.data)
    penalty_B                                0x200006c6   Data           2  usart.o(.data)
    score_A                                  0x200006c8   Data           2  usart.o(.data)
    score_B                                  0x200006ca   Data           2  usart.o(.data)
    wifi_ok                                  0x200006cc   Data           2  usart.o(.data)
    Gyro_y                                   0x200006d0   Data           4  mpu6050.o(.data)
    Angle                                    0x200006d4   Data           4  mpu6050.o(.data)
    lastAngle                                0x200006d8   Data           4  mpu6050.o(.data)
    counter                                  0x200006dc   Data           4  mpu6050.o(.data)
    msHcCount                                0x200006e4   Data           4  sensors.o(.data)
    distance                                 0x200006e8   Data           4  sensors.o(.data)
    black1                                   0x200006ec   Data           2  sensors.o(.data)
    black2                                   0x200006ee   Data           2  sensors.o(.data)
    black3                                   0x200006f0   Data           2  sensors.o(.data)
    black4                                   0x200006f2   Data           2  sensors.o(.data)
    black5                                   0x200006f4   Data           2  sensors.o(.data)
    SystemCoreClock                          0x20000714   Data           4  system_stm32f10x.o(.data)
    AHBPrescTable                            0x20000718   Data          16  system_stm32f10x.o(.data)
    dataPackage                              0x20000728   Data          64  usart.o(.bss)
    AnglePackage                             0x20000768   Data          10  usart.o(.bss)
    MPU6050_DMA_Buf                          0x20000772   Data         100  usart.o(.bss)
    WIFI_DMA_Buf                             0x200007d6   Data         300  usart.o(.bss)
    men_state                                0x20000902   Data          10  usart.o(.bss)
    men_SX                                   0x2000090c   Data          10  usart.o(.bss)
    men_SY                                   0x20000916   Data          10  usart.o(.bss)
    men_EX                                   0x20000920   Data          10  usart.o(.bss)
    men_EY                                   0x2000092a   Data          10  usart.o(.bss)
    RCC_Clocks                               0x20000934   Data          20  port.o(.bss)
    __libspace_start                         0x20000964   Data          96  libspace.o(.bss)
    __temporary_stack_top$libspace           0x200009c4   Data           0  libspace.o(.bss)



==============================================================================

Memory Map of the image

  Image Entry point : 0x08000131

  Load Region LR_IROM1 (Base: 0x08000000, Size: 0x00006158, Max: 0x00040000, ABSOLUTE, COMPRESSED[0x00005c90])

    Execution Region ER_IROM1 (Base: 0x08000000, Size: 0x00005a30, Max: 0x00040000, ABSOLUTE)

    Base Addr    Size         Type   Attr      Idx    E Section Name        Object

    0x08000000   0x00000130   Data   RO         2974    RESET               startup_stm32f10x_hd.o
    0x08000130   0x00000008   Code   RO         3033  * !!!main             c_w.l(__main.o)
    0x08000138   0x00000034   Code   RO         3240    !!!scatter          c_w.l(__scatter.o)
    0x0800016c   0x00000064   Code   RO         3238    !!dclz77c           c_w.l(__dclz77c.o)
    0x080001d0   0x0000001c   Code   RO         3242    !!handler_zi        c_w.l(__scatter_zi.o)
    0x080001ec   0x00000002   Code   RO         3109    .ARM.Collect$$libinit$$00000000  c_w.l(libinit.o)
    0x080001ee   0x00000000   Code   RO         3116    .ARM.Collect$$libinit$$00000002  c_w.l(libinit2.o)
    0x080001ee   0x00000000   Code   RO         3118    .ARM.Collect$$libinit$$00000004  c_w.l(libinit2.o)
    0x080001ee   0x00000000   Code   RO         3121    .ARM.Collect$$libinit$$0000000A  c_w.l(libinit2.o)
    0x080001ee   0x00000000   Code   RO         3123    .ARM.Collect$$libinit$$0000000C  c_w.l(libinit2.o)
    0x080001ee   0x00000000   Code   RO         3125    .ARM.Collect$$libinit$$0000000E  c_w.l(libinit2.o)
    0x080001ee   0x00000000   Code   RO         3128    .ARM.Collect$$libinit$$00000011  c_w.l(libinit2.o)
    0x080001ee   0x00000000   Code   RO         3130    .ARM.Collect$$libinit$$00000013  c_w.l(libinit2.o)
    0x080001ee   0x00000000   Code   RO         3132    .ARM.Collect$$libinit$$00000015  c_w.l(libinit2.o)
    0x080001ee   0x00000000   Code   RO         3134    .ARM.Collect$$libinit$$00000017  c_w.l(libinit2.o)
    0x080001ee   0x00000000   Code   RO         3136    .ARM.Collect$$libinit$$00000019  c_w.l(libinit2.o)
    0x080001ee   0x00000000   Code   RO         3138    .ARM.Collect$$libinit$$0000001B  c_w.l(libinit2.o)
    0x080001ee   0x00000000   Code   RO         3140    .ARM.Collect$$libinit$$0000001D  c_w.l(libinit2.o)
    0x080001ee   0x00000000   Code   RO         3142    .ARM.Collect$$libinit$$0000001F  c_w.l(libinit2.o)
    0x080001ee   0x00000000   Code   RO         3144    .ARM.Collect$$libinit$$00000021  c_w.l(libinit2.o)
    0x080001ee   0x00000000   Code   RO         3146    .ARM.Collect$$libinit$$00000023  c_w.l(libinit2.o)
    0x080001ee   0x00000000   Code   RO         3148    .ARM.Collect$$libinit$$00000025  c_w.l(libinit2.o)
    0x080001ee   0x00000000   Code   RO         3152    .ARM.Collect$$libinit$$0000002C  c_w.l(libinit2.o)
    0x080001ee   0x00000000   Code   RO         3154    .ARM.Collect$$libinit$$0000002E  c_w.l(libinit2.o)
    0x080001ee   0x00000000   Code   RO         3156    .ARM.Collect$$libinit$$00000030  c_w.l(libinit2.o)
    0x080001ee   0x00000000   Code   RO         3158    .ARM.Collect$$libinit$$00000032  c_w.l(libinit2.o)
    0x080001ee   0x00000002   Code   RO         3159    .ARM.Collect$$libinit$$00000033  c_w.l(libinit2.o)
    0x080001f0   0x00000002   Code   RO         3179    .ARM.Collect$$libshutdown$$00000000  c_w.l(libshutdown.o)
    0x080001f2   0x00000000   Code   RO         3193    .ARM.Collect$$libshutdown$$00000003  c_w.l(libshutdown2.o)
    0x080001f2   0x00000000   Code   RO         3196    .ARM.Collect$$libshutdown$$00000006  c_w.l(libshutdown2.o)
    0x080001f2   0x00000000   Code   RO         3199    .ARM.Collect$$libshutdown$$00000009  c_w.l(libshutdown2.o)
    0x080001f2   0x00000000   Code   RO         3201    .ARM.Collect$$libshutdown$$0000000B  c_w.l(libshutdown2.o)
    0x080001f2   0x00000000   Code   RO         3204    .ARM.Collect$$libshutdown$$0000000E  c_w.l(libshutdown2.o)
    0x080001f2   0x00000002   Code   RO         3205    .ARM.Collect$$libshutdown$$0000000F  c_w.l(libshutdown2.o)
    0x080001f4   0x00000000   Code   RO         3073    .ARM.Collect$$rtentry$$00000000  c_w.l(__rtentry.o)
    0x080001f4   0x00000000   Code   RO         3086    .ARM.Collect$$rtentry$$00000002  c_w.l(__rtentry2.o)
    0x080001f4   0x00000006   Code   RO         3098    .ARM.Collect$$rtentry$$00000004  c_w.l(__rtentry4.o)
    0x080001fa   0x00000000   Code   RO         3088    .ARM.Collect$$rtentry$$00000009  c_w.l(__rtentry2.o)
    0x080001fa   0x00000004   Code   RO         3089    .ARM.Collect$$rtentry$$0000000A  c_w.l(__rtentry2.o)
    0x080001fe   0x00000000   Code   RO         3091    .ARM.Collect$$rtentry$$0000000C  c_w.l(__rtentry2.o)
    0x080001fe   0x00000008   Code   RO         3092    .ARM.Collect$$rtentry$$0000000D  c_w.l(__rtentry2.o)
    0x08000206   0x00000002   Code   RO         3113    .ARM.Collect$$rtexit$$00000000  c_w.l(rtexit.o)
    0x08000208   0x00000000   Code   RO         3161    .ARM.Collect$$rtexit$$00000002  c_w.l(rtexit2.o)
    0x08000208   0x00000004   Code   RO         3162    .ARM.Collect$$rtexit$$00000003  c_w.l(rtexit2.o)
    0x0800020c   0x00000006   Code   RO         3163    .ARM.Collect$$rtexit$$00000004  c_w.l(rtexit2.o)
    0x08000212   0x00000002   PAD
    0x08000214   0x00000040   Code   RO         2975    .text               startup_stm32f10x_hd.o
    0x08000254   0x00000008   Code   RO         3027    .text               c_w.l(abs.o)
    0x0800025c   0x0000004e   Code   RO         3029    .text               c_w.l(rt_memclr_w.o)
    0x080002aa   0x00000006   Code   RO         3031    .text               c_w.l(heapauxi.o)
    0x080002b0   0x0000004a   Code   RO         3100    .text               c_w.l(sys_stackheap_outer.o)
    0x080002fa   0x0000000c   Code   RO         3102    .text               c_w.l(exit.o)
    0x08000306   0x00000002   PAD
    0x08000308   0x00000008   Code   RO         3110    .text               c_w.l(libspace.o)
    0x08000310   0x0000000c   Code   RO         3171    .text               c_w.l(sys_exit.o)
    0x0800031c   0x00000002   Code   RO         3182    .text               c_w.l(use_no_semi.o)
    0x0800031e   0x00000000   Code   RO         3184    .text               c_w.l(indicate_semi.o)
    0x0800031e   0x00000004   Code   RO          654    i.BusFault_Handler  stm32f10x_it.o
    0x08000322   0x00000002   Code   RO         2723    i.DMA1_Channel1_Event  dma_stm32f10x.o
    0x08000324   0x0000001c   Code   RO         2724    i.DMA1_Channel1_IRQHandler  dma_stm32f10x.o
    0x08000340   0x00000002   Code   RO         2725    i.DMA1_Channel2_Event  dma_stm32f10x.o
    0x08000342   0x00000002   PAD
    0x08000344   0x0000001c   Code   RO         2726    i.DMA1_Channel2_IRQHandler  dma_stm32f10x.o
    0x08000360   0x00000002   Code   RO         2727    i.DMA1_Channel3_Event  dma_stm32f10x.o
    0x08000362   0x00000002   PAD
    0x08000364   0x0000001c   Code   RO         2728    i.DMA1_Channel3_IRQHandler  dma_stm32f10x.o
    0x08000380   0x00000014   Code   RO          811    i.DMA1_Channel4_Event  i2c_stm32f10x.o
    0x08000394   0x0000001c   Code   RO         2730    i.DMA1_Channel4_IRQHandler  dma_stm32f10x.o
    0x080003b0   0x00000014   Code   RO          812    i.DMA1_Channel5_Event  i2c_stm32f10x.o
    0x080003c4   0x0000001c   Code   RO         2732    i.DMA1_Channel5_IRQHandler  dma_stm32f10x.o
    0x080003e0   0x00000002   Code   RO         2733    i.DMA1_Channel6_Event  dma_stm32f10x.o
    0x080003e2   0x00000002   PAD
    0x080003e4   0x0000001c   Code   RO         2734    i.DMA1_Channel6_IRQHandler  dma_stm32f10x.o
    0x08000400   0x00000002   Code   RO         2735    i.DMA1_Channel7_Event  dma_stm32f10x.o
    0x08000402   0x00000002   PAD
    0x08000404   0x0000001c   Code   RO         2736    i.DMA1_Channel7_IRQHandler  dma_stm32f10x.o
    0x08000420   0x00000002   Code   RO         2737    i.DMA2_Channel1_Event  dma_stm32f10x.o
    0x08000422   0x00000002   PAD
    0x08000424   0x0000001c   Code   RO         2738    i.DMA2_Channel1_IRQHandler  dma_stm32f10x.o
    0x08000440   0x00000002   Code   RO         2739    i.DMA2_Channel2_Event  dma_stm32f10x.o
    0x08000442   0x00000002   PAD
    0x08000444   0x00000020   Code   RO         2740    i.DMA2_Channel2_IRQHandler  dma_stm32f10x.o
    0x08000464   0x00000002   Code   RO         2741    i.DMA2_Channel3_Event  dma_stm32f10x.o
    0x08000466   0x00000002   PAD
    0x08000468   0x00000020   Code   RO         2742    i.DMA2_Channel3_IRQHandler  dma_stm32f10x.o
    0x08000488   0x00000038   Code   RO         2743    i.DMA2_Channel4_5_IRQHandler  dma_stm32f10x.o
    0x080004c0   0x00000002   Code   RO         2744    i.DMA2_Channel4_Event  dma_stm32f10x.o
    0x080004c2   0x00000002   Code   RO         2746    i.DMA2_Channel5_Event  dma_stm32f10x.o
    0x080004c4   0x000001d0   Code   RO         2747    i.DMA_ChannelInitialize  dma_stm32f10x.o
    0x08000694   0x00000164   Code   RO         2748    i.DMA_ChannelUninitialize  dma_stm32f10x.o
    0x080007f8   0x00000018   Code   RO         1083    i.DMA_Cmd           stm32f10x_dma.o
    0x08000810   0x0000014c   Code   RO         1084    i.DMA_DeInit        stm32f10x_dma.o
    0x0800095c   0x00000008   Code   RO         1085    i.DMA_GetCurrDataCounter  stm32f10x_dma.o
    0x08000964   0x0000003c   Code   RO         1089    i.DMA_Init          stm32f10x_dma.o
    0x080009a0   0x00000004   Code   RO         1090    i.DMA_SetCurrDataCounter  stm32f10x_dma.o
    0x080009a4   0x00000002   Code   RO          655    i.DebugMon_Handler  stm32f10x_it.o
    0x080009a6   0x00000002   PAD
    0x080009a8   0x00000018   Code   RO          726    i.Delay             port.o
    0x080009c0   0x0000001c   Code   RO         1248    i.FLASH_PrefetchBufferCmd  stm32f10x_flash.o
    0x080009dc   0x00000018   Code   RO         1253    i.FLASH_SetLatency  stm32f10x_flash.o
    0x080009f4   0x0000009c   Code   RO         2930    i.GPIO_AFConfigure  gpio_stm32f10x.o
    0x08000a90   0x00000098   Code   RO         2931    i.GPIO_GetPortClockState  gpio_stm32f10x.o
    0x08000b28   0x00000116   Code   RO         1423    i.GPIO_Init         stm32f10x_gpio.o
    0x08000c3e   0x00000078   Code   RO         2932    i.GPIO_PinConfigure  gpio_stm32f10x.o
    0x08000cb6   0x00000002   PAD
    0x08000cb8   0x00000090   Code   RO         1425    i.GPIO_PinRemapConfig  stm32f10x_gpio.o
    0x08000d48   0x0000013c   Code   RO         2933    i.GPIO_PortClock    gpio_stm32f10x.o
    0x08000e84   0x00000012   Code   RO         1427    i.GPIO_ReadInputDataBit  stm32f10x_gpio.o
    0x08000e96   0x00000004   Code   RO         1430    i.GPIO_ResetBits    stm32f10x_gpio.o
    0x08000e9a   0x00000004   Code   RO         1431    i.GPIO_SetBits      stm32f10x_gpio.o
    0x08000e9e   0x00000002   PAD
    0x08000ea0   0x00000088   Code   RO          608    i.GetBlack          sensors.o
    0x08000f28   0x00000004   Code   RO          656    i.HardFault_Handler  stm32f10x_it.o
    0x08000f2c   0x00000018   Code   RO          813    i.I2C2_Control      i2c_stm32f10x.o
    0x08000f44   0x00000010   Code   RO          814    i.I2C2_ER_IRQHandler  i2c_stm32f10x.o
    0x08000f54   0x00000010   Code   RO          815    i.I2C2_EV_IRQHandler  i2c_stm32f10x.o
    0x08000f64   0x00000010   Code   RO          816    i.I2C2_GetDataCount  i2c_stm32f10x.o
    0x08000f74   0x00000010   Code   RO          817    i.I2C2_GetStatus    i2c_stm32f10x.o
    0x08000f84   0x00000014   Code   RO          818    i.I2C2_Initialize   i2c_stm32f10x.o
    0x08000f98   0x00000020   Code   RO          819    i.I2C2_MasterReceive  i2c_stm32f10x.o
    0x08000fb8   0x00000020   Code   RO          820    i.I2C2_MasterTransmit  i2c_stm32f10x.o
    0x08000fd8   0x00000014   Code   RO          821    i.I2C2_PowerControl  i2c_stm32f10x.o
    0x08000fec   0x00000018   Code   RO          822    i.I2C2_SlaveReceive  i2c_stm32f10x.o
    0x08001004   0x00000018   Code   RO          823    i.I2C2_SlaveTransmit  i2c_stm32f10x.o
    0x0800101c   0x00000010   Code   RO          824    i.I2C2_Uninitialize  i2c_stm32f10x.o
    0x0800102c   0x0000000c   Code   RO          825    i.I2CX_GetCapabilities  i2c_stm32f10x.o
    0x08001038   0x00000010   Code   RO          826    i.I2CX_GetVersion   i2c_stm32f10x.o
    0x08001048   0x00000414   Code   RO          827    i.I2C_Control       i2c_stm32f10x.o
    0x0800145c   0x00000094   Code   RO          828    i.I2C_DMA_RxEvent   i2c_stm32f10x.o
    0x080014f0   0x0000004a   Code   RO          829    i.I2C_DMA_TxEvent   i2c_stm32f10x.o
    0x0800153a   0x00000148   Code   RO          830    i.I2C_ER_IRQHandler  i2c_stm32f10x.o
    0x08001682   0x0000058c   Code   RO          831    i.I2C_EV_IRQHandler  i2c_stm32f10x.o
    0x08001c0e   0x00000008   Code   RO          832    i.I2C_GetDataCount  i2c_stm32f10x.o
    0x08001c16   0x00000008   Code   RO          833    i.I2C_GetStatus     i2c_stm32f10x.o
    0x08001c1e   0x00000074   Code   RO          834    i.I2C_Initialize    i2c_stm32f10x.o
    0x08001c92   0x00000132   Code   RO          835    i.I2C_MasterReceive  i2c_stm32f10x.o
    0x08001dc4   0x0000011e   Code   RO          836    i.I2C_MasterTransmit  i2c_stm32f10x.o
    0x08001ee2   0x00000002   PAD
    0x08001ee4   0x00000180   Code   RO          837    i.I2C_PowerControl  i2c_stm32f10x.o
    0x08002064   0x000000a6   Code   RO          838    i.I2C_SlaveReceive  i2c_stm32f10x.o
    0x0800210a   0x0000009a   Code   RO          839    i.I2C_SlaveTransmit  i2c_stm32f10x.o
    0x080021a4   0x00000046   Code   RO          840    i.I2C_Uninitialize  i2c_stm32f10x.o
    0x080021ea   0x00000020   Code   RO          407    i.MYDMA_Enable      usart.o
    0x0800220a   0x00000004   Code   RO          657    i.MemManage_Handler  stm32f10x_it.o
    0x0800220e   0x00000002   Code   RO          658    i.NMI_Handler       stm32f10x_it.o
    0x08002210   0x00000070   Code   RO         1033    i.NVIC_Init         misc.o
    0x08002280   0x00000014   Code   RO         1034    i.NVIC_PriorityGroupConfig  misc.o
    0x08002294   0x0000000c   Code   RO          730    i.Our_Sys_Init      port.o
    0x080022a0   0x00000002   Code   RO          659    i.PendSV_Handler    stm32f10x_it.o
    0x080022a2   0x00000008   Code   RO          731    i.Periph_init       port.o
    0x080022aa   0x00000002   PAD
    0x080022ac   0x00000020   Code   RO         1760    i.RCC_AHBPeriphClockCmd  stm32f10x_rcc.o
    0x080022cc   0x00000020   Code   RO         1761    i.RCC_APB1PeriphClockCmd  stm32f10x_rcc.o
    0x080022ec   0x00000020   Code   RO         1762    i.RCC_APB1PeriphResetCmd  stm32f10x_rcc.o
    0x0800230c   0x00000020   Code   RO         1763    i.RCC_APB2PeriphClockCmd  stm32f10x_rcc.o
    0x0800232c   0x00000020   Code   RO         1764    i.RCC_APB2PeriphResetCmd  stm32f10x_rcc.o
    0x0800234c   0x0000000c   Code   RO         1769    i.RCC_ClockSecuritySystemCmd  stm32f10x_rcc.o
    0x08002358   0x0000004c   Code   RO         1770    i.RCC_DeInit        stm32f10x_rcc.o
    0x080023a4   0x000000d4   Code   RO         1771    i.RCC_GetClocksFreq  stm32f10x_rcc.o
    0x08002478   0x0000003c   Code   RO         1772    i.RCC_GetFlagStatus  stm32f10x_rcc.o
    0x080024b4   0x00000010   Code   RO         1774    i.RCC_GetSYSCLKSource  stm32f10x_rcc.o
    0x080024c4   0x00000018   Code   RO         1775    i.RCC_HCLKConfig    stm32f10x_rcc.o
    0x080024dc   0x0000004c   Code   RO         1776    i.RCC_HSEConfig     stm32f10x_rcc.o
    0x08002528   0x00000018   Code   RO         1782    i.RCC_PCLK1Config   stm32f10x_rcc.o
    0x08002540   0x00000018   Code   RO         1783    i.RCC_PCLK2Config   stm32f10x_rcc.o
    0x08002558   0x0000000c   Code   RO         1784    i.RCC_PLLCmd        stm32f10x_rcc.o
    0x08002564   0x0000001c   Code   RO         1785    i.RCC_PLLConfig     stm32f10x_rcc.o
    0x08002580   0x00000018   Code   RO         1788    i.RCC_SYSCLKConfig  stm32f10x_rcc.o
    0x08002598   0x00000038   Code   RO         1790    i.RCC_WaitForHSEStartUp  stm32f10x_rcc.o
    0x080025d0   0x00000084   Code   RO          732    i.RCC_init          port.o
    0x08002654   0x00000002   Code   RO          660    i.SVC_Handler       stm32f10x_it.o
    0x08002656   0x00000008   Code   RO         2982    i.SetSysClock       system_stm32f10x.o
    0x0800265e   0x00000002   PAD
    0x08002660   0x000000e0   Code   RO         2983    i.SetSysClockTo72   system_stm32f10x.o
    0x08002740   0x00000008   Code   RO          661    i.SysTick_Handler   stm32f10x_it.o
    0x08002748   0x000000a4   Code   RO         2984    i.SystemCoreClockUpdate  system_stm32f10x.o
    0x080027ec   0x00000060   Code   RO         2985    i.SystemInit        system_stm32f10x.o
    0x0800284c   0x00000050   Code   RO          733    i.Systick_init      port.o
    0x0800289c   0x00000080   Code   RO         1971    i.TI1_Config        stm32f10x_tim.o
    0x0800291c   0x00000098   Code   RO         1972    i.TI2_Config        stm32f10x_tim.o
    0x080029b4   0x000000d0   Code   RO          294    i.TIM2_Detect_init  pwm.o
    0x08002a84   0x00000078   Code   RO          295    i.TIM2_IRQHandler   pwm.o
    0x08002afc   0x0000001c   Code   RO          296    i.TIM3_IRQHandler   pwm.o
    0x08002b18   0x000000b8   Code   RO          297    i.TIM3_PWM_Init     pwm.o
    0x08002bd0   0x000000cc   Code   RO          298    i.TIM4_Detect_init  pwm.o
    0x08002c9c   0x00000078   Code   RO          299    i.TIM4_IRQHandler   pwm.o
    0x08002d14   0x000000d4   Code   RO          300    i.TIM5_Detect_init  pwm.o
    0x08002de8   0x0000004c   Code   RO          301    i.TIM5_IRQHandler   pwm.o
    0x08002e34   0x0000006c   Code   RO          302    i.TIM6_Config       pwm.o
    0x08002ea0   0x000000d0   Code   RO          303    i.TIM6_IRQHandler   pwm.o
    0x08002f70   0x0000001c   Code   RO          610    i.TIM7_IRQHandler   sensors.o
    0x08002f8c   0x00000006   Code   RO         1981    i.TIM_ClearFlag     stm32f10x_tim.o
    0x08002f92   0x00000006   Code   RO         1982    i.TIM_ClearITPendingBit  stm32f10x_tim.o
    0x08002f98   0x00000018   Code   RO         1987    i.TIM_Cmd           stm32f10x_tim.o
    0x08002fb0   0x00000006   Code   RO         2003    i.TIM_GetCapture2   stm32f10x_tim.o
    0x08002fb6   0x00000022   Code   RO         2008    i.TIM_GetITStatus   stm32f10x_tim.o
    0x08002fd8   0x00000012   Code   RO         2012    i.TIM_ITConfig      stm32f10x_tim.o
    0x08002fea   0x00000002   PAD
    0x08002fec   0x00000098   Code   RO         2016    i.TIM_OC1Init       stm32f10x_tim.o
    0x08003084   0x00000012   Code   RO         2018    i.TIM_OC1PolarityConfig  stm32f10x_tim.o
    0x08003096   0x00000012   Code   RO         2019    i.TIM_OC1PreloadConfig  stm32f10x_tim.o
    0x080030a8   0x000000a4   Code   RO         2021    i.TIM_OC2Init       stm32f10x_tim.o
    0x0800314c   0x0000001a   Code   RO         2024    i.TIM_OC2PreloadConfig  stm32f10x_tim.o
    0x08003166   0x0000007c   Code   RO         2035    i.TIM_PWMIConfig    stm32f10x_tim.o
    0x080031e2   0x00000012   Code   RO         2040    i.TIM_SelectInputTrigger  stm32f10x_tim.o
    0x080031f4   0x00000012   Code   RO         2041    i.TIM_SelectMasterSlaveMode  stm32f10x_tim.o
    0x08003206   0x00000012   Code   RO         2045    i.TIM_SelectSlaveMode  stm32f10x_tim.o
    0x08003218   0x00000004   Code   RO         2048    i.TIM_SetCompare1   stm32f10x_tim.o
    0x0800321c   0x00000004   Code   RO         2049    i.TIM_SetCompare2   stm32f10x_tim.o
    0x08003220   0x00000004   Code   RO         2052    i.TIM_SetCounter    stm32f10x_tim.o
    0x08003224   0x00000012   Code   RO         2053    i.TIM_SetIC1Prescaler  stm32f10x_tim.o
    0x08003236   0x0000001a   Code   RO         2054    i.TIM_SetIC2Prescaler  stm32f10x_tim.o
    0x08003250   0x000000a4   Code   RO         2058    i.TIM_TimeBaseInit  stm32f10x_tim.o
    0x080032f4   0x00000018   Code   RO          734    i.TimingDelay_Decrement  port.o
    0x0800330c   0x000000a0   Code   RO          408    i.USART1_IRQHandler  usart.o
    0x080033ac   0x00000120   Code   RO          409    i.USART1_init       usart.o
    0x080034cc   0x00000020   Code   RO          411    i.USART1_sendByte   usart.o
    0x080034ec   0x00000016   Code   RO          412    i.USART1_sendStr    usart.o
    0x08003502   0x00000002   PAD
    0x08003504   0x00000084   Code   RO          413    i.USART2_init       usart.o
    0x08003588   0x00000028   Code   RO          415    i.USART2_sendByte   usart.o
    0x080035b0   0x00000016   Code   RO          416    i.USART2_sendStr    usart.o
    0x080035c6   0x00000002   PAD
    0x080035c8   0x00000118   Code   RO          417    i.USART3_IRQHandler  usart.o
    0x080036e0   0x00000124   Code   RO          418    i.USART3_init       usart.o
    0x08003804   0x00000012   Code   RO         2531    i.USART_ClearFlag   stm32f10x_usart.o
    0x08003816   0x0000001e   Code   RO         2532    i.USART_ClearITPendingBit  stm32f10x_usart.o
    0x08003834   0x00000018   Code   RO         2535    i.USART_Cmd         stm32f10x_usart.o
    0x0800384c   0x00000012   Code   RO         2536    i.USART_DMACmd      stm32f10x_usart.o
    0x0800385e   0x00000002   PAD
    0x08003860   0x0000009c   Code   RO         2537    i.USART_DeInit      stm32f10x_usart.o
    0x080038fc   0x0000001a   Code   RO         2538    i.USART_GetFlagStatus  stm32f10x_usart.o
    0x08003916   0x00000054   Code   RO         2539    i.USART_GetITStatus  stm32f10x_usart.o
    0x0800396a   0x0000004a   Code   RO         2541    i.USART_ITConfig    stm32f10x_usart.o
    0x080039b4   0x000000d8   Code   RO         2542    i.USART_Init        stm32f10x_usart.o
    0x08003a8c   0x0000000a   Code   RO         2549    i.USART_ReceiveData  stm32f10x_usart.o
    0x08003a96   0x00000008   Code   RO         2552    i.USART_SendData    stm32f10x_usart.o
    0x08003a9e   0x00000004   Code   RO          662    i.UsageFault_Handler  stm32f10x_it.o
    0x08003aa2   0x00000002   PAD
    0x08003aa4   0x0000001c   Code   RO          841    i.__NVIC_ClearPendingIRQ  i2c_stm32f10x.o
    0x08003ac0   0x0000001c   Code   RO         2749    i.__NVIC_ClearPendingIRQ  dma_stm32f10x.o
    0x08003adc   0x0000003c   Code   RO          842    i.__NVIC_DisableIRQ  i2c_stm32f10x.o
    0x08003b18   0x0000003c   Code   RO         2750    i.__NVIC_DisableIRQ  dma_stm32f10x.o
    0x08003b54   0x0000001a   Code   RO          843    i.__NVIC_EnableIRQ  i2c_stm32f10x.o
    0x08003b6e   0x0000001a   Code   RO         2751    i.__NVIC_EnableIRQ  dma_stm32f10x.o
    0x08003b88   0x00000028   Code   RO          735    i.__NVIC_SetPriority  port.o
    0x08003bb0   0x0000001c   Code   RO          420    i.comp              usart.o
    0x08003bcc   0x000002c8   Code   RO          421    i.dataProcess       usart.o
    0x08003e94   0x00000264   Code   RO            4    i.dest              main.o
    0x080040f8   0x00000020   Code   RO            5    i.dist              main.o
    0x08004118   0x00000014   Code   RO            6    i.eq                main.o
    0x0800412c   0x0000001e   Code   RO            7    i.equ               main.o
    0x0800414a   0x00000002   PAD
    0x0800414c   0x00000064   Code   RO            8    i.initR             main.o
    0x080041b0   0x000000c8   Code   RO          423    i.itoa              usart.o
    0x08004278   0x00000038   Code   RO            9    i.keepStraight      main.o
    0x080042b0   0x00000110   Code   RO          304    i.left_Pid          pwm.o
    0x080043c0   0x00000054   Code   RO           10    i.locate            main.o
    0x08004414   0x0000070c   Code   RO           11    i.main              main.o
    0x08004b20   0x00000014   Code   RO          424    i.printn            usart.o
    0x08004b34   0x00000014   Code   RO           12    i.putchar           main.o
    0x08004b48   0x00000110   Code   RO          305    i.right_Pid         pwm.o
    0x08004c58   0x00000078   Code   RO          611    i.sensors_init      sensors.o
    0x08004cd0   0x00000094   Code   RO           13    i.setAB             main.o
    0x08004d64   0x00000084   Code   RO          306    i.setDir            pwm.o
    0x08004de8   0x000000c8   Code   RO           14    i.straight          main.o
    0x08004eb0   0x0000007c   Code   RO           16    i.straight_u        main.o
    0x08004f2c   0x0000007c   Code   RO           17    i.straight_w        main.o
    0x08004fa8   0x00000048   Code   RO           19    i.turnAround        main.o
    0x08004ff0   0x00000114   Code   RO           23    i.turnLR_u          main.o
    0x08005104   0x00000104   Code   RO           24    i.turnLR_w          main.o
    0x08005208   0x00000114   Code   RO           25    i.turnLRs_u         main.o
    0x0800531c   0x00000020   Code   RO           27    i.turnL_w           main.o
    0x0800533c   0x00000020   Code   RO           29    i.turnR_u           main.o
    0x0800535c   0x00000020   Code   RO           30    i.turnR_w           main.o
    0x0800537c   0x00000020   Code   RO           31    i.turnRs_u          main.o
    0x0800539c   0x00000084   Code   RO           32    i.turn_             main.o
    0x08005420   0x0000000c   Code   RO           34    i.wait              main.o
    0x0800542c   0x0000007c   Code   RO          425    i.wireless_init     usart.o
    0x080054a8   0x0000000c   Code   RO         3076    x$fpl$dretinf       fz_ws.l(dretinf.o)
    0x080054b4   0x00000056   Code   RO         3049    x$fpl$f2d           fz_ws.l(f2d.o)
    0x0800550a   0x00000002   PAD
    0x0800550c   0x000000c4   Code   RO         3051    x$fpl$fadd          fz_ws.l(faddsub_clz.o)
    0x080055d0   0x00000018   Code   RO         3078    x$fpl$fcmpinf       fz_ws.l(fcmpi.o)
    0x080055e8   0x00000036   Code   RO         3057    x$fpl$ffix          fz_ws.l(ffix.o)
    0x0800561e   0x00000002   PAD
    0x08005620   0x00000030   Code   RO         3062    x$fpl$fflt          fz_ws.l(fflt_clz.o)
    0x08005650   0x00000068   Code   RO         3067    x$fpl$fleqf         fz_ws.l(fleqf.o)
    0x080056b8   0x00000102   Code   RO         3069    x$fpl$fmul          fz_ws.l(fmul.o)
    0x080057ba   0x0000008c   Code   RO         3080    x$fpl$fnaninf       fz_ws.l(fnaninf.o)
    0x08005846   0x0000000a   Code   RO         3082    x$fpl$fretinf       fz_ws.l(fretinf.o)
    0x08005850   0x00000062   Code   RO         3071    x$fpl$frleqf        fz_ws.l(frleqf.o)
    0x080058b2   0x00000002   PAD
    0x080058b4   0x000000ea   Code   RO         3053    x$fpl$fsub          fz_ws.l(faddsub_clz.o)
    0x0800599e   0x00000000   Code   RO         3084    x$fpl$usenofp       fz_ws.l(usenofp.o)
    0x0800599e   0x00000002   PAD
    0x080059a0   0x00000070   Data   RO          845    .constdata          i2c_stm32f10x.o
    0x08005a10   0x00000020   Data   RO         3236    Region$$Table       anon$$obj.o


    Execution Region RW_IRAM1 (Base: 0x20000000, Size: 0x00000fc8, Max: 0x0000c000, ABSOLUTE, COMPRESSED[0x00000260])

    Base Addr    Size         Type   Attr      Idx    E Section Name        Object

    0x20000000   0x00000613   Data   RW           36    .data               main.o
    0x20000613   0x00000001   PAD
    0x20000614   0x00000070   Data   RW          310    .data               pwm.o
    0x20000684   0x0000004a   Data   RW          428    .data               usart.o
    0x200006ce   0x00000002   PAD
    0x200006d0   0x00000012   Data   RW          552    .data               mpu6050.o
    0x200006e2   0x00000002   PAD
    0x200006e4   0x00000012   Data   RW          612    .data               sensors.o
    0x200006f6   0x00000002   PAD
    0x200006f8   0x00000004   Data   RW          737    .data               port.o
    0x200006fc   0x00000014   Data   RW         1791    .data               stm32f10x_rcc.o
    0x20000710   0x00000002   Data   RW         2752    .data               dma_stm32f10x.o
    0x20000712   0x00000002   PAD
    0x20000714   0x00000014   Data   RW         2986    .data               system_stm32f10x.o
    0x20000728   0x0000020c   Zero   RW          426    .bss                usart.o
    0x20000934   0x00000014   Zero   RW          736    .bss                port.o
    0x20000948   0x0000001c   Zero   RW          844    .bss                i2c_stm32f10x.o
    0x20000964   0x00000060   Zero   RW         3111    .bss                c_w.l(libspace.o)
    0x200009c4   0x00000004   PAD
    0x200009c8   0x00000200   Zero   RW         2973    HEAP                startup_stm32f10x_hd.o
    0x20000bc8   0x00000400   Zero   RW         2972    STACK               startup_stm32f10x_hd.o


==============================================================================

Image component sizes


      Code (inc. data)   RO Data    RW Data    ZI Data      Debug   Object Name

      1298        132          0          2          0     242208   dma_stm32f10x.o
       744         76          0          0          0       6185   gpio_stm32f10x.o
      4950        148        112          0         28      59543   i2c_stm32f10x.o
      4510        888          0       1555          0     278964   main.o
       132         22          0          0          0       1691   misc.o
         0          0          0         18          0        719   mpu6050.o
       320         30          0          4         20      28703   port.o
      2144        230          0        112          0       9049   pwm.o
       284         48          0         18          0       1804   sensors.o
        64         26        304          0       1536        812   startup_stm32f10x_hd.o
       428          8          0          0          0       4784   stm32f10x_dma.o
        52         12          0          0          0       1153   stm32f10x_flash.o
       448          6          0          0          0       4710   stm32f10x_gpio.o
        32          0          0          0          0       3810   stm32f10x_it.o
       804        116          0         20          0      13381   stm32f10x_rcc.o
      1150        114          0          0          0      15319   stm32f10x_tim.o
       664         28          0          0          0       8951   stm32f10x_usart.o
       492         50          0         20          0       2893   system_stm32f10x.o
      2384        278          0         74        524      10838   usart.o

    ----------------------------------------------------------------------
     20938       2212        448       1832       2108     695517   Object Totals
         0          0         32          0          0          0   (incl. Generated)
        38          0          0          9          0          0   (incl. Padding)

    ----------------------------------------------------------------------

      Code (inc. data)   RO Data    RW Data    ZI Data      Debug   Library Member Name

       100          0          0          0          0          0   __dclz77c.o
         8          0          0          0          0         68   __main.o
         0          0          0          0          0          0   __rtentry.o
        12          0          0          0          0          0   __rtentry2.o
         6          0          0          0          0          0   __rtentry4.o
        52          8          0          0          0          0   __scatter.o
        28          0          0          0          0          0   __scatter_zi.o
         8          0          0          0          0         68   abs.o
        12          0          0          0          0         72   exit.o
         6          0          0          0          0        152   heapauxi.o
         0          0          0          0          0          0   indicate_semi.o
         2          0          0          0          0          0   libinit.o
         2          0          0          0          0          0   libinit2.o
         2          0          0          0          0          0   libshutdown.o
         2          0          0          0          0          0   libshutdown2.o
         8          4          0          0         96         68   libspace.o
        78          0          0          0          0         80   rt_memclr_w.o
         2          0          0          0          0          0   rtexit.o
        10          0          0          0          0          0   rtexit2.o
        12          4          0          0          0         68   sys_exit.o
        74          0          0          0          0         80   sys_stackheap_outer.o
         2          0          0          0          0         68   use_no_semi.o
        12          0          0          0          0         68   dretinf.o
        86          4          0          0          0         84   f2d.o
       430          8          0          0          0        168   faddsub_clz.o
        24          0          0          0          0         68   fcmpi.o
        54          4          0          0          0         84   ffix.o
        48          0          0          0          0         68   fflt_clz.o
       104          4          0          0          0         84   fleqf.o
       258          4          0          0          0         84   fmul.o
       140          4          0          0          0         84   fnaninf.o
        10          0          0          0          0         68   fretinf.o
        98          0          0          0          0         68   frleqf.o
         0          0          0          0          0          0   usenofp.o

    ----------------------------------------------------------------------
      1702         44          0          0        100       1652   Library Totals
        12          0          0          0          4          0   (incl. Padding)

    ----------------------------------------------------------------------

      Code (inc. data)   RO Data    RW Data    ZI Data      Debug   Library Name

       426         16          0          0         96        724   c_w.l
      1264         28          0          0          0        928   fz_ws.l

    ----------------------------------------------------------------------
      1702         44          0          0        100       1652   Library Totals

    ----------------------------------------------------------------------

==============================================================================


      Code (inc. data)   RO Data    RW Data    ZI Data      Debug   

     22640       2256        448       1832       2208     686037   Grand Totals
     22640       2256        448        608       2208     686037   ELF Image Totals (compressed)
     22640       2256        448        608          0          0   ROM Totals

==============================================================================

    Total RO  Size (Code + RO Data)                23088 (  22.55kB)
    Total RW  Size (RW Data + ZI Data)              4040 (   3.95kB)
    Total ROM Size (Code + RO Data + RW Data)      23696 (  23.14kB)

==============================================================================

